// Jest Snapshot v1, https://goo.gl/fbAQLP

exports[`Screen Category should render Category screen 1`] = `
Array [
  <div
    className="css-view-1dbjc4n r-display-6koalj r-height-dcqb1h"
  >
    <div
      className="css-view-1dbjc4n r-alignItems-1awozwy r-height-1pi2tsx r-justifyContent-1777fci r-width-13qz1uu"
    >
      <div
        className="css-view-1dbjc4n r-bottom-1p0dtai r-flexBasis-1mlwlqe r-left-1d2f490 r-overflow-1udh08x r-position-u8s1d r-right-zchlnj r-top-ipm5af r-zIndex-1wyyakw"
      >
        <div
          className="css-view-1dbjc4n r-backgroundColor-1niwhzg r-backgroundPosition-vvn4in r-backgroundRepeat-u6sd8q r-backgroundSize-4gszlv r-bottom-1p0dtai r-height-1pi2tsx r-left-1d2f490 r-position-u8s1d r-right-zchlnj r-top-ipm5af r-width-13qz1uu r-zIndex-1wyyakw"
          style={
            Object {
              "backgroundImage": "url(\\"https://realhousemoms.com/wp-content/uploads/Honey-Butter-Chicken-IG.jpg\\")",
            }
          }
        />
        <img
          alt=""
          className="css-accessibilityImage-9pa8cd"
          draggable={false}
          src="https://realhousemoms.com/wp-content/uploads/Honey-Butter-Chicken-IG.jpg"
        />
      </div>
      <div
        className="css-text-901oao r-color-jwli3a r-fontSize-zz5t5d r-fontWeight-1kfrs79 r-marginBottom-d0pm55"
        dir="auto"
      >
        Chicken
      </div>
      <div
        className="css-view-1dbjc4n r-alignItems-1awozwy r-backgroundColor-1niwhzg r-justifyContent-1777fci"
        style={
          Object {
            "borderBottomColor": "rgba(255,255,255,1.00)",
            "borderBottomLeftRadius": "20px",
            "borderBottomRightRadius": "20px",
            "borderBottomStyle": "solid",
            "borderBottomWidth": "2px",
            "borderLeftColor": "rgba(255,255,255,1.00)",
            "borderLeftStyle": "solid",
            "borderLeftWidth": "2px",
            "borderRightColor": "rgba(255,255,255,1.00)",
            "borderRightStyle": "solid",
            "borderRightWidth": "2px",
            "borderTopColor": "rgba(255,255,255,1.00)",
            "borderTopLeftRadius": "20px",
            "borderTopRightRadius": "20px",
            "borderTopStyle": "solid",
            "borderTopWidth": "2px",
            "boxShadow": "0px 0.75px 1.5px rgba(0,0,0,0.24)",
            "minWidth": "64px",
            "paddingBottom": "5px",
            "paddingLeft": "20px",
            "paddingRight": "20px",
            "paddingTop": "5px",
          }
        }
      >
        <div
          className="css-cursor-18t94o4 css-view-1dbjc4n r-backgroundColor-1niwhzg r-cursor-1loqt21 r-overflow-1udh08x r-touchAction-1otgn73 r-userSelect-lrvibr"
          data-focusable={true}
          disabled={false}
          onKeyDown={[Function]}
          onKeyPress={[Function]}
          onKeyUp={[Function]}
          onResponderGrant={[Function]}
          onResponderMove={[Function]}
          onResponderRelease={[Function]}
          onResponderTerminate={[Function]}
          onResponderTerminationRequest={[Function]}
          onStartShouldSetResponder={[Function]}
          role="button"
          style={
            Object {
              "borderBottomLeftRadius": "4px",
              "borderBottomRightRadius": "4px",
              "borderTopLeftRadius": "4px",
              "borderTopRightRadius": "4px",
            }
          }
          tabIndex="0"
        >
          <div
            className="css-view-1dbjc4n r-alignItems-1awozwy r-flexDirection-18u37iz r-justifyContent-1777fci"
          >
            <div
              className="css-text-901oao css-textOneLine-bfa6kz r-letterSpacing-ud0q2t r-marginHorizontal-1ydw1k6 r-marginVertical-712mwr r-textAlign-q4m81j"
              dir="auto"
              style={
                Object {
                  "color": "rgba(0,0,0,1.00)",
                  "direction": "ltr",
                  "fontFamily": "Roboto-Medium, Roboto, \\"Helvetica Neue\\", Helvetica, Arial, sans-serif",
                }
              }
            >
              <span
                className="css-text-901oao css-textHasAncestor-16my406 r-color-jwli3a r-fontSize-1b43r93 r-fontWeight-1kfrs79 r-textTransform-tsynxw"
                dir="auto"
                style={
                  Object {
                    "direction": "ltr",
                    "fontFamily": "Roboto, \\"Helvetica Neue\\", Helvetica, Arial, sans-serif",
                    "textAlign": "left",
                  }
                }
              >
                Followed
              </span>
            </div>
          </div>
        </div>
      </div>
    </div>
  </div>,
  <div
    className="css-view-1dbjc4n r-alignItems-1awozwy r-backgroundColor-4rzz9f r-display-6koalj r-flexDirection-18u37iz r-justifyContent-1777fci r-padding-1sp51qo"
  >
    <div
      className="css-view-1dbjc4n r-alignItems-1awozwy r-flexDirection-18u37iz"
    >
      <div
        className="css-cursor-18t94o4 css-view-1dbjc4n r-alignItems-1awozwy r-backgroundColor-1niwhzg r-borderRadius-6ncur5 r-cursor-1loqt21 r-height-1r8g8re r-justifyContent-1777fci r-margin-5scogr r-overflow-bztko3 r-touchAction-1otgn73 r-userSelect-lrvibr r-width-1acpoxo"
        data-focusable={true}
        disabled={false}
        onKeyDown={[Function]}
        onKeyPress={[Function]}
        onKeyUp={[Function]}
        onResponderGrant={[Function]}
        onResponderMove={[Function]}
        onResponderRelease={[Function]}
        onResponderTerminate={[Function]}
        onResponderTerminationRequest={[Function]}
        onStartShouldSetResponder={[Function]}
        role="button"
        tabIndex="0"
      >
        <span
          className="css-hitSlop-mjp8i1"
          style={
            Object {
              "bottom": "-6px",
              "left": "-6px",
              "right": "-6px",
              "top": "-6px",
            }
          }
        />
        <div
          className="css-view-1dbjc4n"
        >
          <div
            className="css-text-901oao r-backgroundColor-1niwhzg r-pointerEvents-633pao"
            dir="auto"
            focusable={false}
            role="img"
            style={
              Object {
                "WebkitTransform": "scaleX(1)",
                "color": "rgba(31,51,64,1.00)",
                "fontFamily": "MaterialIcons",
                "fontSize": "40px",
                "fontStyle": "normal",
                "fontWeight": "normal",
                "transform": "scaleX(1)",
              }
            }
          >
            
          </div>
        </div>
      </div>
    </div>
    <div
      className="css-view-1dbjc4n r-alignItems-1awozwy r-flexDirection-18u37iz"
    >
      <div
        className="css-cursor-18t94o4 css-view-1dbjc4n r-alignItems-1awozwy r-backgroundColor-1niwhzg r-borderRadius-6ncur5 r-cursor-1loqt21 r-height-1r8g8re r-justifyContent-1777fci r-margin-5scogr r-overflow-bztko3 r-touchAction-1otgn73 r-userSelect-lrvibr r-width-1acpoxo"
        data-focusable={true}
        disabled={false}
        onKeyDown={[Function]}
        onKeyPress={[Function]}
        onKeyUp={[Function]}
        onResponderGrant={[Function]}
        onResponderMove={[Function]}
        onResponderRelease={[Function]}
        onResponderTerminate={[Function]}
        onResponderTerminationRequest={[Function]}
        onStartShouldSetResponder={[Function]}
        role="button"
        tabIndex="0"
      >
        <span
          className="css-hitSlop-mjp8i1"
          style={
            Object {
              "bottom": "-6px",
              "left": "-6px",
              "right": "-6px",
              "top": "-6px",
            }
          }
        />
        <div
          className="css-view-1dbjc4n"
        >
          <div
            className="css-text-901oao r-backgroundColor-1niwhzg r-pointerEvents-633pao"
            dir="auto"
            focusable={false}
            role="img"
            style={
              Object {
                "WebkitTransform": "scaleX(1)",
                "color": "rgba(197,197,197,1.00)",
                "fontFamily": "MaterialIcons",
                "fontSize": "40px",
                "fontStyle": "normal",
                "fontWeight": "normal",
                "transform": "scaleX(1)",
              }
            }
          >
            
          </div>
        </div>
      </div>
    </div>
  </div>,
  <div
    className="css-view-1dbjc4n r-height-1gj45xp r-marginBottom-117bsoe r-marginLeft-1jj8364 r-marginRight-lchren r-marginTop-1x0uki6 r-position-bnwqim r-width-13qz1uu"
  >
    <div
      className="css-view-1dbjc4n r-WebkitOverflowScrolling-150rngu r-flexDirection-eqz5dr r-flexGrow-16y2uox r-flexShrink-1wbh5a2 r-overflowX-11yh6sk r-overflowY-1rnoaur r-scrollbarWidth-2eszeu r-transform-1sncvnh"
      onResponderGrant={[Function]}
      onResponderReject={[Function]}
      onResponderRelease={[Function]}
      onResponderTerminationRequest={[Function]}
      onScroll={[Function]}
      onScrollShouldSetResponder={[Function]}
      onStartShouldSetResponder={[Function]}
      onStartShouldSetResponderCapture={[Function]}
      onTouchEnd={[Function]}
      onTouchMove={[Function]}
      onTouchStart={[Function]}
      onWheel={[Function]}
    >
      <div
        className="css-view-1dbjc4n r-justifyContent-1wtj0ep"
      >
        <div
          className="css-view-1dbjc4n"
        >
          <div
            className="css-view-1dbjc4n r-borderBottomWidth-qklmqi r-borderColor-35fm6a r-height-cqilzk r-marginBottom-117bsoe r-marginLeft-1f6r7vd r-overflow-1udh08x r-position-bnwqim r-width-16k0tzm"
          >
            <div
              className="css-text-901oao css-textOneLine-bfa6kz r-fontSize-zz5t5d r-maxWidth-14qjzug r-overflow-1udh08x r-paddingBottom-1mi0q7o r-paddingRight-1qfoi16"
              dir="auto"
            >
               
              Bun Bo Hue Recipe
            </div>
            <div
              className="css-view-1dbjc4n r-alignItems-1habvwh r-display-6koalj r-flexDirection-18u37iz r-flexWrap-1w6e6rj r-justifyContent-1h0z5md"
              style={
                Object {
                  "WebkitBoxFlex": 0,
                  "WebkitFlexGrow": 0,
                  "flexGrow": 0,
                  "msFlexPositive": 0,
                }
              }
            >
              <div
                className="css-view-1dbjc4n r-cursor-1loqt21 r-touchAction-1otgn73 r-transitionDuration-eafdt9 r-transitionProperty-1i6wzkk r-userSelect-lrvibr"
                data-focusable={true}
                disabled={false}
                onKeyDown={[Function]}
                onKeyUp={[Function]}
                onResponderGrant={[Function]}
                onResponderMove={[Function]}
                onResponderRelease={[Function]}
                onResponderTerminate={[Function]}
                onResponderTerminationRequest={[Function]}
                onStartShouldSetResponder={[Function]}
                tabIndex="0"
              >
                <div
                  className="css-view-1dbjc4n r-backgroundColor-7klgxt r-height-erd55g r-width-1ipicw7"
                >
                  <div
                    className="css-view-1dbjc4n r-flexBasis-1mlwlqe r-height-1pi2tsx r-overflow-1udh08x r-width-13qz1uu r-zIndex-417010"
                  >
                    <div
                      className="css-view-1dbjc4n r-backgroundColor-1niwhzg r-backgroundPosition-vvn4in r-backgroundRepeat-u6sd8q r-backgroundSize-4gszlv r-bottom-1p0dtai r-height-1pi2tsx r-left-1d2f490 r-position-u8s1d r-right-zchlnj r-top-ipm5af r-width-13qz1uu r-zIndex-1wyyakw"
                      style={
                        Object {
                          "backgroundImage": "url(\\"https://vcdn-ngoisao.vnecdn.net/2018/01/19/1-8515-1516314392.jpg\\")",
                        }
                      }
                    />
                    <img
                      alt=""
                      className="css-accessibilityImage-9pa8cd"
                      draggable={false}
                      src="https://vcdn-ngoisao.vnecdn.net/2018/01/19/1-8515-1516314392.jpg"
                    />
                  </div>
                </div>
              </div>
              <div
                className="css-view-1dbjc4n r-alignItems-1habvwh r-display-6koalj r-flexDirection-eqz5dr r-flexWrap-1w6e6rj r-height-erd55g r-justifyContent-1wtj0ep r-marginLeft-1n0xq6e r-overflow-1udh08x r-paddingLeft-1hfyk0a r-width-9oysn0"
                style={
                  Object {
                    "WebkitBoxFlex": 0,
                    "WebkitFlexGrow": 0,
                    "flexGrow": 0,
                    "msFlexPositive": 0,
                  }
                }
              >
                <div
                  className="css-view-1dbjc4n r-height-9njtsq r-overflow-1udh08x r-width-13qz1uu"
                >
                  <div
                    className="css-text-901oao css-textOneLine-bfa6kz r-fontSize-1i10wst r-lineHeight-waer2z"
                    dir="auto"
                  >
                    2lb pork neck bones
                  </div>
                  <div
                    className="css-text-901oao css-textOneLine-bfa6kz r-fontSize-1i10wst r-lineHeight-waer2z"
                    dir="auto"
                  >
                     2lb beef bones
                  </div>
                  <div
                    className="css-text-901oao css-textOneLine-bfa6kz r-fontSize-1i10wst r-lineHeight-waer2z"
                    dir="auto"
                  >
                     1lb oxtail
                  </div>
                </div>
                <div
                  className="css-view-1dbjc4n r-alignItems-1awozwy r-bottom-1ebgqk7 r-flexDirection-18u37iz r-position-u8s1d r-right-r19jdo"
                >
                  <div
                    className="css-cursor-18t94o4 css-view-1dbjc4n r-alignItems-1awozwy r-backgroundColor-1niwhzg r-borderRadius-6ncur5 r-cursor-1loqt21 r-height-1r8g8re r-justifyContent-1777fci r-margin-5scogr r-overflow-bztko3 r-touchAction-1otgn73 r-userSelect-lrvibr r-width-1acpoxo"
                    data-focusable={true}
                    disabled={false}
                    onKeyDown={[Function]}
                    onKeyPress={[Function]}
                    onKeyUp={[Function]}
                    onResponderGrant={[Function]}
                    onResponderMove={[Function]}
                    onResponderRelease={[Function]}
                    onResponderTerminate={[Function]}
                    onResponderTerminationRequest={[Function]}
                    onStartShouldSetResponder={[Function]}
                    role="button"
                    tabIndex="0"
                  >
                    <span
                      className="css-hitSlop-mjp8i1"
                      style={
                        Object {
                          "bottom": "-6px",
                          "left": "-6px",
                          "right": "-6px",
                          "top": "-6px",
                        }
                      }
                    />
                    <div
                      className="css-view-1dbjc4n"
                    >
                      <div
                        className="css-text-901oao r-backgroundColor-1niwhzg r-fontSize-zz5t5d r-pointerEvents-633pao"
                        dir="auto"
                        focusable={false}
                        role="img"
                        style={
                          Object {
                            "WebkitTransform": "scaleX(1)",
                            "color": "rgba(128,128,128,1.00)",
                            "fontFamily": "MaterialIcons",
                            "fontStyle": "normal",
                            "fontWeight": "normal",
                            "transform": "scaleX(1)",
                          }
                        }
                      >
                        
                      </div>
                    </div>
                  </div>
                </div>
              </div>
            </div>
          </div>
        </div>
        <div
          className="css-view-1dbjc4n"
        >
          <div
            className="css-view-1dbjc4n r-borderBottomWidth-qklmqi r-borderColor-35fm6a r-height-cqilzk r-marginBottom-117bsoe r-marginLeft-1f6r7vd r-overflow-1udh08x r-position-bnwqim r-width-16k0tzm"
          >
            <div
              className="css-text-901oao css-textOneLine-bfa6kz r-fontSize-zz5t5d r-maxWidth-14qjzug r-overflow-1udh08x r-paddingBottom-1mi0q7o r-paddingRight-1qfoi16"
              dir="auto"
            >
               
              Crispy Fried Chicken
            </div>
            <div
              className="css-view-1dbjc4n r-alignItems-1habvwh r-display-6koalj r-flexDirection-18u37iz r-flexWrap-1w6e6rj r-justifyContent-1h0z5md"
              style={
                Object {
                  "WebkitBoxFlex": 0,
                  "WebkitFlexGrow": 0,
                  "flexGrow": 0,
                  "msFlexPositive": 0,
                }
              }
            >
              <div
                className="css-view-1dbjc4n r-cursor-1loqt21 r-touchAction-1otgn73 r-transitionDuration-eafdt9 r-transitionProperty-1i6wzkk r-userSelect-lrvibr"
                data-focusable={true}
                disabled={false}
                onKeyDown={[Function]}
                onKeyUp={[Function]}
                onResponderGrant={[Function]}
                onResponderMove={[Function]}
                onResponderRelease={[Function]}
                onResponderTerminate={[Function]}
                onResponderTerminationRequest={[Function]}
                onStartShouldSetResponder={[Function]}
                tabIndex="0"
              >
                <div
                  className="css-view-1dbjc4n r-backgroundColor-7klgxt r-height-erd55g r-width-1ipicw7"
                >
                  <div
                    className="css-view-1dbjc4n r-flexBasis-1mlwlqe r-height-1pi2tsx r-overflow-1udh08x r-width-13qz1uu r-zIndex-417010"
                  >
                    <div
                      className="css-view-1dbjc4n r-backgroundColor-1niwhzg r-backgroundPosition-vvn4in r-backgroundRepeat-u6sd8q r-backgroundSize-4gszlv r-bottom-1p0dtai r-height-1pi2tsx r-left-1d2f490 r-position-u8s1d r-right-zchlnj r-top-ipm5af r-width-13qz1uu r-zIndex-1wyyakw"
                      style={
                        Object {
                          "backgroundImage": "url(\\"https://www.tasteofhome.com/wp-content/uploads/2018/01/Crispy-Fried-Chicken_EXPS_FRBZ19_6445_C01_31_3b.jpg\\")",
                        }
                      }
                    />
                    <img
                      alt=""
                      className="css-accessibilityImage-9pa8cd"
                      draggable={false}
                      src="https://www.tasteofhome.com/wp-content/uploads/2018/01/Crispy-Fried-Chicken_EXPS_FRBZ19_6445_C01_31_3b.jpg"
                    />
                  </div>
                </div>
              </div>
              <div
                className="css-view-1dbjc4n r-alignItems-1habvwh r-display-6koalj r-flexDirection-eqz5dr r-flexWrap-1w6e6rj r-height-erd55g r-justifyContent-1wtj0ep r-marginLeft-1n0xq6e r-overflow-1udh08x r-paddingLeft-1hfyk0a r-width-9oysn0"
                style={
                  Object {
                    "WebkitBoxFlex": 0,
                    "WebkitFlexGrow": 0,
                    "flexGrow": 0,
                    "msFlexPositive": 0,
                  }
                }
              >
                <div
                  className="css-view-1dbjc4n r-height-9njtsq r-overflow-1udh08x r-width-13qz1uu"
                >
                  <div
                    className="css-text-901oao css-textOneLine-bfa6kz r-fontSize-1i10wst r-lineHeight-waer2z"
                    dir="auto"
                  >
                    Description for Crispy Fried Chicken
                  </div>
                </div>
                <div
                  className="css-view-1dbjc4n r-alignItems-1awozwy r-bottom-1ebgqk7 r-flexDirection-18u37iz r-position-u8s1d r-right-r19jdo"
                >
                  <div
                    className="css-cursor-18t94o4 css-view-1dbjc4n r-alignItems-1awozwy r-backgroundColor-1niwhzg r-borderRadius-6ncur5 r-cursor-1loqt21 r-height-1r8g8re r-justifyContent-1777fci r-margin-5scogr r-overflow-bztko3 r-touchAction-1otgn73 r-userSelect-lrvibr r-width-1acpoxo"
                    data-focusable={true}
                    disabled={false}
                    onKeyDown={[Function]}
                    onKeyPress={[Function]}
                    onKeyUp={[Function]}
                    onResponderGrant={[Function]}
                    onResponderMove={[Function]}
                    onResponderRelease={[Function]}
                    onResponderTerminate={[Function]}
                    onResponderTerminationRequest={[Function]}
                    onStartShouldSetResponder={[Function]}
                    role="button"
                    tabIndex="0"
                  >
                    <span
                      className="css-hitSlop-mjp8i1"
                      style={
                        Object {
                          "bottom": "-6px",
                          "left": "-6px",
                          "right": "-6px",
                          "top": "-6px",
                        }
                      }
                    />
                    <div
                      className="css-view-1dbjc4n"
                    >
                      <div
                        className="css-text-901oao r-backgroundColor-1niwhzg r-fontSize-zz5t5d r-pointerEvents-633pao"
                        dir="auto"
                        focusable={false}
                        role="img"
                        style={
                          Object {
                            "WebkitTransform": "scaleX(1)",
                            "color": "rgba(128,128,128,1.00)",
                            "fontFamily": "MaterialIcons",
                            "fontStyle": "normal",
                            "fontWeight": "normal",
                            "transform": "scaleX(1)",
                          }
                        }
                      >
                        
                      </div>
                    </div>
                  </div>
                </div>
              </div>
            </div>
          </div>
        </div>
        <div
          className="css-view-1dbjc4n"
        >
          <div
            className="css-view-1dbjc4n r-borderBottomWidth-qklmqi r-borderColor-35fm6a r-height-cqilzk r-marginBottom-117bsoe r-marginLeft-1f6r7vd r-overflow-1udh08x r-position-bnwqim r-width-16k0tzm"
          >
            <div
              className="css-text-901oao css-textOneLine-bfa6kz r-fontSize-zz5t5d r-maxWidth-14qjzug r-overflow-1udh08x r-paddingBottom-1mi0q7o r-paddingRight-1qfoi16"
              dir="auto"
            >
               
              Crispy Fried Chicken
            </div>
            <div
              className="css-view-1dbjc4n r-alignItems-1habvwh r-display-6koalj r-flexDirection-18u37iz r-flexWrap-1w6e6rj r-justifyContent-1h0z5md"
              style={
                Object {
                  "WebkitBoxFlex": 0,
                  "WebkitFlexGrow": 0,
                  "flexGrow": 0,
                  "msFlexPositive": 0,
                }
              }
            >
              <div
                className="css-view-1dbjc4n r-cursor-1loqt21 r-touchAction-1otgn73 r-transitionDuration-eafdt9 r-transitionProperty-1i6wzkk r-userSelect-lrvibr"
                data-focusable={true}
                disabled={false}
                onKeyDown={[Function]}
                onKeyUp={[Function]}
                onResponderGrant={[Function]}
                onResponderMove={[Function]}
                onResponderRelease={[Function]}
                onResponderTerminate={[Function]}
                onResponderTerminationRequest={[Function]}
                onStartShouldSetResponder={[Function]}
                tabIndex="0"
              >
                <div
                  className="css-view-1dbjc4n r-backgroundColor-7klgxt r-height-erd55g r-width-1ipicw7"
                >
                  <div
                    className="css-view-1dbjc4n r-flexBasis-1mlwlqe r-height-1pi2tsx r-overflow-1udh08x r-width-13qz1uu r-zIndex-417010"
                  >
                    <div
                      className="css-view-1dbjc4n r-backgroundColor-1niwhzg r-backgroundPosition-vvn4in r-backgroundRepeat-u6sd8q r-backgroundSize-4gszlv r-bottom-1p0dtai r-height-1pi2tsx r-left-1d2f490 r-position-u8s1d r-right-zchlnj r-top-ipm5af r-width-13qz1uu r-zIndex-1wyyakw"
                      style={
                        Object {
                          "backgroundImage": "url(\\"https://www.tasteofhome.com/wp-content/uploads/2018/01/Crispy-Fried-Chicken_EXPS_FRBZ19_6445_C01_31_3b.jpg\\")",
                        }
                      }
                    />
                    <img
                      alt=""
                      className="css-accessibilityImage-9pa8cd"
                      draggable={false}
                      src="https://www.tasteofhome.com/wp-content/uploads/2018/01/Crispy-Fried-Chicken_EXPS_FRBZ19_6445_C01_31_3b.jpg"
                    />
                  </div>
                </div>
              </div>
              <div
                className="css-view-1dbjc4n r-alignItems-1habvwh r-display-6koalj r-flexDirection-eqz5dr r-flexWrap-1w6e6rj r-height-erd55g r-justifyContent-1wtj0ep r-marginLeft-1n0xq6e r-overflow-1udh08x r-paddingLeft-1hfyk0a r-width-9oysn0"
                style={
                  Object {
                    "WebkitBoxFlex": 0,
                    "WebkitFlexGrow": 0,
                    "flexGrow": 0,
                    "msFlexPositive": 0,
                  }
                }
              >
                <div
                  className="css-view-1dbjc4n r-height-9njtsq r-overflow-1udh08x r-width-13qz1uu"
                >
                  <div
                    className="css-text-901oao css-textOneLine-bfa6kz r-fontSize-1i10wst r-lineHeight-waer2z"
                    dir="auto"
                  >
                    Description for Crispy Fried Chicken
                  </div>
                </div>
                <div
                  className="css-view-1dbjc4n r-alignItems-1awozwy r-bottom-1ebgqk7 r-flexDirection-18u37iz r-position-u8s1d r-right-r19jdo"
                >
                  <div
                    className="css-cursor-18t94o4 css-view-1dbjc4n r-alignItems-1awozwy r-backgroundColor-1niwhzg r-borderRadius-6ncur5 r-cursor-1loqt21 r-height-1r8g8re r-justifyContent-1777fci r-margin-5scogr r-overflow-bztko3 r-touchAction-1otgn73 r-userSelect-lrvibr r-width-1acpoxo"
                    data-focusable={true}
                    disabled={false}
                    onKeyDown={[Function]}
                    onKeyPress={[Function]}
                    onKeyUp={[Function]}
                    onResponderGrant={[Function]}
                    onResponderMove={[Function]}
                    onResponderRelease={[Function]}
                    onResponderTerminate={[Function]}
                    onResponderTerminationRequest={[Function]}
                    onStartShouldSetResponder={[Function]}
                    role="button"
                    tabIndex="0"
                  >
                    <span
                      className="css-hitSlop-mjp8i1"
                      style={
                        Object {
                          "bottom": "-6px",
                          "left": "-6px",
                          "right": "-6px",
                          "top": "-6px",
                        }
                      }
                    />
                    <div
                      className="css-view-1dbjc4n"
                    >
                      <div
                        className="css-text-901oao r-backgroundColor-1niwhzg r-fontSize-zz5t5d r-pointerEvents-633pao"
                        dir="auto"
                        focusable={false}
                        role="img"
                        style={
                          Object {
                            "WebkitTransform": "scaleX(1)",
                            "color": "rgba(128,128,128,1.00)",
                            "fontFamily": "MaterialIcons",
                            "fontStyle": "normal",
                            "fontWeight": "normal",
                            "transform": "scaleX(1)",
                          }
                        }
                      >
                        
                      </div>
                    </div>
                  </div>
                </div>
              </div>
            </div>
          </div>
        </div>
        <div
          className="css-view-1dbjc4n"
        >
          <div
            className="css-view-1dbjc4n r-borderBottomWidth-qklmqi r-borderColor-35fm6a r-height-cqilzk r-marginBottom-117bsoe r-marginLeft-1f6r7vd r-overflow-1udh08x r-position-bnwqim r-width-16k0tzm"
          >
            <div
              className="css-text-901oao css-textOneLine-bfa6kz r-fontSize-zz5t5d r-maxWidth-14qjzug r-overflow-1udh08x r-paddingBottom-1mi0q7o r-paddingRight-1qfoi16"
              dir="auto"
            >
               
              Crispy Fried Chicken
            </div>
            <div
              className="css-view-1dbjc4n r-alignItems-1habvwh r-display-6koalj r-flexDirection-18u37iz r-flexWrap-1w6e6rj r-justifyContent-1h0z5md"
              style={
                Object {
                  "WebkitBoxFlex": 0,
                  "WebkitFlexGrow": 0,
                  "flexGrow": 0,
                  "msFlexPositive": 0,
                }
              }
            >
              <div
                className="css-view-1dbjc4n r-cursor-1loqt21 r-touchAction-1otgn73 r-transitionDuration-eafdt9 r-transitionProperty-1i6wzkk r-userSelect-lrvibr"
                data-focusable={true}
                disabled={false}
                onKeyDown={[Function]}
                onKeyUp={[Function]}
                onResponderGrant={[Function]}
                onResponderMove={[Function]}
                onResponderRelease={[Function]}
                onResponderTerminate={[Function]}
                onResponderTerminationRequest={[Function]}
                onStartShouldSetResponder={[Function]}
                tabIndex="0"
              >
                <div
                  className="css-view-1dbjc4n r-backgroundColor-7klgxt r-height-erd55g r-width-1ipicw7"
                >
                  <div
                    className="css-view-1dbjc4n r-flexBasis-1mlwlqe r-height-1pi2tsx r-overflow-1udh08x r-width-13qz1uu r-zIndex-417010"
                  >
                    <div
                      className="css-view-1dbjc4n r-backgroundColor-1niwhzg r-backgroundPosition-vvn4in r-backgroundRepeat-u6sd8q r-backgroundSize-4gszlv r-bottom-1p0dtai r-height-1pi2tsx r-left-1d2f490 r-position-u8s1d r-right-zchlnj r-top-ipm5af r-width-13qz1uu r-zIndex-1wyyakw"
                      style={
                        Object {
                          "backgroundImage": "url(\\"https://www.tasteofhome.com/wp-content/uploads/2018/01/Crispy-Fried-Chicken_EXPS_FRBZ19_6445_C01_31_3b.jpg\\")",
                        }
                      }
                    />
                    <img
                      alt=""
                      className="css-accessibilityImage-9pa8cd"
                      draggable={false}
                      src="https://www.tasteofhome.com/wp-content/uploads/2018/01/Crispy-Fried-Chicken_EXPS_FRBZ19_6445_C01_31_3b.jpg"
                    />
                  </div>
                </div>
              </div>
              <div
                className="css-view-1dbjc4n r-alignItems-1habvwh r-display-6koalj r-flexDirection-eqz5dr r-flexWrap-1w6e6rj r-height-erd55g r-justifyContent-1wtj0ep r-marginLeft-1n0xq6e r-overflow-1udh08x r-paddingLeft-1hfyk0a r-width-9oysn0"
                style={
                  Object {
                    "WebkitBoxFlex": 0,
                    "WebkitFlexGrow": 0,
                    "flexGrow": 0,
                    "msFlexPositive": 0,
                  }
                }
              >
                <div
                  className="css-view-1dbjc4n r-height-9njtsq r-overflow-1udh08x r-width-13qz1uu"
                >
                  <div
                    className="css-text-901oao css-textOneLine-bfa6kz r-fontSize-1i10wst r-lineHeight-waer2z"
                    dir="auto"
                  >
                    Description for Crispy Fried Chicken
                  </div>
                </div>
                <div
                  className="css-view-1dbjc4n r-alignItems-1awozwy r-bottom-1ebgqk7 r-flexDirection-18u37iz r-position-u8s1d r-right-r19jdo"
                >
                  <div
                    className="css-cursor-18t94o4 css-view-1dbjc4n r-alignItems-1awozwy r-backgroundColor-1niwhzg r-borderRadius-6ncur5 r-cursor-1loqt21 r-height-1r8g8re r-justifyContent-1777fci r-margin-5scogr r-overflow-bztko3 r-touchAction-1otgn73 r-userSelect-lrvibr r-width-1acpoxo"
                    data-focusable={true}
                    disabled={false}
                    onKeyDown={[Function]}
                    onKeyPress={[Function]}
                    onKeyUp={[Function]}
                    onResponderGrant={[Function]}
                    onResponderMove={[Function]}
                    onResponderRelease={[Function]}
                    onResponderTerminate={[Function]}
                    onResponderTerminationRequest={[Function]}
                    onStartShouldSetResponder={[Function]}
                    role="button"
                    tabIndex="0"
                  >
                    <span
                      className="css-hitSlop-mjp8i1"
                      style={
                        Object {
                          "bottom": "-6px",
                          "left": "-6px",
                          "right": "-6px",
                          "top": "-6px",
                        }
                      }
                    />
                    <div
                      className="css-view-1dbjc4n"
                    >
                      <div
                        className="css-text-901oao r-backgroundColor-1niwhzg r-fontSize-zz5t5d r-pointerEvents-633pao"
                        dir="auto"
                        focusable={false}
                        role="img"
                        style={
                          Object {
                            "WebkitTransform": "scaleX(1)",
                            "color": "rgba(128,128,128,1.00)",
                            "fontFamily": "MaterialIcons",
                            "fontStyle": "normal",
                            "fontWeight": "normal",
                            "transform": "scaleX(1)",
                          }
                        }
                      >
                        
                      </div>
                    </div>
                  </div>
                </div>
              </div>
            </div>
          </div>
        </div>
      </div>
    </div>
  </div>,
]
`;
