// Jest Snapshot v1, https://goo.gl/fbAQLP

exports[`renders correctly 1`] = `
<div
  className="css-view-1dbjc4n r-height-1pi2tsx r-width-13qz1uu"
>
  <div
    className="css-view-1dbjc4n r-bottom-1p0dtai r-flexBasis-1mlwlqe r-left-1d2f490 r-overflow-1udh08x r-position-u8s1d r-right-zchlnj r-top-ipm5af r-zIndex-1wyyakw"
  >
    <div
      className="css-view-1dbjc4n r-backgroundColor-1niwhzg r-backgroundPosition-vvn4in r-backgroundRepeat-u6sd8q r-backgroundSize-4gszlv r-bottom-1p0dtai r-height-1pi2tsx r-left-1d2f490 r-position-u8s1d r-right-zchlnj r-top-ipm5af r-width-13qz1uu r-zIndex-1wyyakw"
      style={
        Object {
          "backgroundImage": "url(\\"https://vcdn-ngoisao.vnecdn.net/2018/01/19/1-8515-1516314392.jpg\\")",
        }
      }
    />
    <img
      alt=""
      className="css-accessibilityImage-9pa8cd"
      draggable={false}
      src="https://vcdn-ngoisao.vnecdn.net/2018/01/19/1-8515-1516314392.jpg"
    />
  </div>
  <div
    className="css-text-901oao"
    dir="auto"
  >
    Children
  </div>
</div>
`;
