// Jest Snapshot v1, https://goo.gl/fbAQLP

exports[`Components CategoryPipeLine Should render CategoryPipeLine component 1`] = `
<div
  className="css-view-1dbjc4n r-display-6koalj r-flexDirection-18u37iz r-padding-1pcd2l5"
>
  <div
    className="css-view-1dbjc4n r-marginRight-1mf7evn"
  >
    <div
      className="css-text-901oao r-fontWeight-majxgm r-paddingBottom-1mi0q7o r-textAlign-q4m81j"
      dir="auto"
    >
      Chicken
    </div>
    <div
      className="css-view-1dbjc4n r-cursor-1loqt21 r-touchAction-1otgn73 r-transitionDuration-eafdt9 r-transitionProperty-1i6wzkk r-userSelect-lrvibr"
      data-focusable={true}
      onKeyDown={[Function]}
      onKeyUp={[Function]}
      onResponderGrant={[Function]}
      onResponderMove={[Function]}
      onResponderRelease={[Function]}
      onResponderTerminate={[Function]}
      onResponderTerminationRequest={[Function]}
      onStartShouldSetResponder={[Function]}
      tabIndex="0"
    >
      <div
        className="css-view-1dbjc4n"
        style={
          Object {
            "backgroundColor": "rgba(98,0,238,1.00)",
            "borderBottomLeftRadius": "35px",
            "borderBottomRightRadius": "35px",
            "borderTopLeftRadius": "35px",
            "borderTopRightRadius": "35px",
            "height": "70px",
            "width": "70px",
          }
        }
      >
        <div
          className="css-view-1dbjc4n r-flexBasis-1mlwlqe r-overflow-1udh08x r-zIndex-417010"
          style={
            Object {
              "borderBottomLeftRadius": "35px",
              "borderBottomRightRadius": "35px",
              "borderTopLeftRadius": "35px",
              "borderTopRightRadius": "35px",
              "height": "70px",
              "width": "70px",
            }
          }
        >
          <div
            className="css-view-1dbjc4n r-backgroundColor-1niwhzg r-backgroundPosition-vvn4in r-backgroundRepeat-u6sd8q r-backgroundSize-4gszlv r-bottom-1p0dtai r-height-1pi2tsx r-left-1d2f490 r-position-u8s1d r-right-zchlnj r-top-ipm5af r-width-13qz1uu r-zIndex-1wyyakw"
            style={
              Object {
                "backgroundImage": "url(\\"https://realhousemoms.com/wp-content/uploads/Honey-Butter-Chicken-IG.jpg\\")",
              }
            }
          />
          <img
            alt=""
            className="css-accessibilityImage-9pa8cd"
            draggable={false}
            src="https://realhousemoms.com/wp-content/uploads/Honey-Butter-Chicken-IG.jpg"
          />
        </div>
      </div>
    </div>
  </div>
  <div
    className="css-view-1dbjc4n r-marginRight-1mf7evn"
  >
    <div
      className="css-text-901oao r-fontWeight-majxgm r-paddingBottom-1mi0q7o r-textAlign-q4m81j"
      dir="auto"
    >
      Heathy
    </div>
    <div
      className="css-view-1dbjc4n r-cursor-1loqt21 r-touchAction-1otgn73 r-transitionDuration-eafdt9 r-transitionProperty-1i6wzkk r-userSelect-lrvibr"
      data-focusable={true}
      onKeyDown={[Function]}
      onKeyUp={[Function]}
      onResponderGrant={[Function]}
      onResponderMove={[Function]}
      onResponderRelease={[Function]}
      onResponderTerminate={[Function]}
      onResponderTerminationRequest={[Function]}
      onStartShouldSetResponder={[Function]}
      tabIndex="0"
    >
      <div
        className="css-view-1dbjc4n"
        style={
          Object {
            "backgroundColor": "rgba(98,0,238,1.00)",
            "borderBottomLeftRadius": "35px",
            "borderBottomRightRadius": "35px",
            "borderTopLeftRadius": "35px",
            "borderTopRightRadius": "35px",
            "height": "70px",
            "width": "70px",
          }
        }
      >
        <div
          className="css-view-1dbjc4n r-flexBasis-1mlwlqe r-overflow-1udh08x r-zIndex-417010"
          style={
            Object {
              "borderBottomLeftRadius": "35px",
              "borderBottomRightRadius": "35px",
              "borderTopLeftRadius": "35px",
              "borderTopRightRadius": "35px",
              "height": "70px",
              "width": "70px",
            }
          }
        >
          <div
            className="css-view-1dbjc4n r-backgroundColor-1niwhzg r-backgroundPosition-vvn4in r-backgroundRepeat-u6sd8q r-backgroundSize-4gszlv r-bottom-1p0dtai r-height-1pi2tsx r-left-1d2f490 r-position-u8s1d r-right-zchlnj r-top-ipm5af r-width-13qz1uu r-zIndex-1wyyakw"
            style={
              Object {
                "backgroundImage": "url(\\"https://realhousemoms.com/wp-content/uploads/Honey-Butter-Chicken-IG.jpg\\")",
              }
            }
          />
          <img
            alt=""
            className="css-accessibilityImage-9pa8cd"
            draggable={false}
            src="https://realhousemoms.com/wp-content/uploads/Honey-Butter-Chicken-IG.jpg"
          />
        </div>
      </div>
    </div>
  </div>
  <div
    className="css-view-1dbjc4n r-marginRight-1mf7evn"
  >
    <div
      className="css-text-901oao r-fontWeight-majxgm r-paddingBottom-1mi0q7o r-textAlign-q4m81j"
      dir="auto"
    >
      Easy Breakast
    </div>
    <div
      className="css-view-1dbjc4n r-cursor-1loqt21 r-touchAction-1otgn73 r-transitionDuration-eafdt9 r-transitionProperty-1i6wzkk r-userSelect-lrvibr"
      data-focusable={true}
      onKeyDown={[Function]}
      onKeyUp={[Function]}
      onResponderGrant={[Function]}
      onResponderMove={[Function]}
      onResponderRelease={[Function]}
      onResponderTerminate={[Function]}
      onResponderTerminationRequest={[Function]}
      onStartShouldSetResponder={[Function]}
      tabIndex="0"
    >
      <div
        className="css-view-1dbjc4n"
        style={
          Object {
            "backgroundColor": "rgba(98,0,238,1.00)",
            "borderBottomLeftRadius": "35px",
            "borderBottomRightRadius": "35px",
            "borderTopLeftRadius": "35px",
            "borderTopRightRadius": "35px",
            "height": "70px",
            "width": "70px",
          }
        }
      >
        <div
          className="css-view-1dbjc4n r-flexBasis-1mlwlqe r-overflow-1udh08x r-zIndex-417010"
          style={
            Object {
              "borderBottomLeftRadius": "35px",
              "borderBottomRightRadius": "35px",
              "borderTopLeftRadius": "35px",
              "borderTopRightRadius": "35px",
              "height": "70px",
              "width": "70px",
            }
          }
        >
          <div
            className="css-view-1dbjc4n r-backgroundColor-1niwhzg r-backgroundPosition-vvn4in r-backgroundRepeat-u6sd8q r-backgroundSize-4gszlv r-bottom-1p0dtai r-height-1pi2tsx r-left-1d2f490 r-position-u8s1d r-right-zchlnj r-top-ipm5af r-width-13qz1uu r-zIndex-1wyyakw"
            style={
              Object {
                "backgroundImage": "url(\\"https://realhousemoms.com/wp-content/uploads/Honey-Butter-Chicken-IG.jpg\\")",
              }
            }
          />
          <img
            alt=""
            className="css-accessibilityImage-9pa8cd"
            draggable={false}
            src="https://realhousemoms.com/wp-content/uploads/Honey-Butter-Chicken-IG.jpg"
          />
        </div>
      </div>
    </div>
  </div>
  <div
    className="css-view-1dbjc4n r-marginRight-1mf7evn"
  >
    <div
      className="css-text-901oao r-fontWeight-majxgm r-paddingBottom-1mi0q7o r-textAlign-q4m81j"
      dir="auto"
    >
      Dessert
    </div>
    <div
      className="css-view-1dbjc4n r-cursor-1loqt21 r-touchAction-1otgn73 r-transitionDuration-eafdt9 r-transitionProperty-1i6wzkk r-userSelect-lrvibr"
      data-focusable={true}
      onKeyDown={[Function]}
      onKeyUp={[Function]}
      onResponderGrant={[Function]}
      onResponderMove={[Function]}
      onResponderRelease={[Function]}
      onResponderTerminate={[Function]}
      onResponderTerminationRequest={[Function]}
      onStartShouldSetResponder={[Function]}
      tabIndex="0"
    >
      <div
        className="css-view-1dbjc4n"
        style={
          Object {
            "backgroundColor": "rgba(98,0,238,1.00)",
            "borderBottomLeftRadius": "35px",
            "borderBottomRightRadius": "35px",
            "borderTopLeftRadius": "35px",
            "borderTopRightRadius": "35px",
            "height": "70px",
            "width": "70px",
          }
        }
      >
        <div
          className="css-view-1dbjc4n r-flexBasis-1mlwlqe r-overflow-1udh08x r-zIndex-417010"
          style={
            Object {
              "borderBottomLeftRadius": "35px",
              "borderBottomRightRadius": "35px",
              "borderTopLeftRadius": "35px",
              "borderTopRightRadius": "35px",
              "height": "70px",
              "width": "70px",
            }
          }
        >
          <div
            className="css-view-1dbjc4n r-backgroundColor-1niwhzg r-backgroundPosition-vvn4in r-backgroundRepeat-u6sd8q r-backgroundSize-4gszlv r-bottom-1p0dtai r-height-1pi2tsx r-left-1d2f490 r-position-u8s1d r-right-zchlnj r-top-ipm5af r-width-13qz1uu r-zIndex-1wyyakw"
            style={
              Object {
                "backgroundImage": "url(\\"https://realhousemoms.com/wp-content/uploads/Honey-Butter-Chicken-IG.jpg\\")",
              }
            }
          />
          <img
            alt=""
            className="css-accessibilityImage-9pa8cd"
            draggable={false}
            src="https://realhousemoms.com/wp-content/uploads/Honey-Butter-Chicken-IG.jpg"
          />
        </div>
      </div>
    </div>
  </div>
  <div
    className="css-view-1dbjc4n r-marginRight-1mf7evn"
  >
    <div
      className="css-text-901oao r-fontWeight-majxgm r-paddingBottom-1mi0q7o r-textAlign-q4m81j"
      dir="auto"
    >
      Fish
    </div>
    <div
      className="css-view-1dbjc4n r-cursor-1loqt21 r-touchAction-1otgn73 r-transitionDuration-eafdt9 r-transitionProperty-1i6wzkk r-userSelect-lrvibr"
      data-focusable={true}
      onKeyDown={[Function]}
      onKeyUp={[Function]}
      onResponderGrant={[Function]}
      onResponderMove={[Function]}
      onResponderRelease={[Function]}
      onResponderTerminate={[Function]}
      onResponderTerminationRequest={[Function]}
      onStartShouldSetResponder={[Function]}
      tabIndex="0"
    >
      <div
        className="css-view-1dbjc4n"
        style={
          Object {
            "backgroundColor": "rgba(98,0,238,1.00)",
            "borderBottomLeftRadius": "35px",
            "borderBottomRightRadius": "35px",
            "borderTopLeftRadius": "35px",
            "borderTopRightRadius": "35px",
            "height": "70px",
            "width": "70px",
          }
        }
      >
        <div
          className="css-view-1dbjc4n r-flexBasis-1mlwlqe r-overflow-1udh08x r-zIndex-417010"
          style={
            Object {
              "borderBottomLeftRadius": "35px",
              "borderBottomRightRadius": "35px",
              "borderTopLeftRadius": "35px",
              "borderTopRightRadius": "35px",
              "height": "70px",
              "width": "70px",
            }
          }
        >
          <div
            className="css-view-1dbjc4n r-backgroundColor-1niwhzg r-backgroundPosition-vvn4in r-backgroundRepeat-u6sd8q r-backgroundSize-4gszlv r-bottom-1p0dtai r-height-1pi2tsx r-left-1d2f490 r-position-u8s1d r-right-zchlnj r-top-ipm5af r-width-13qz1uu r-zIndex-1wyyakw"
            style={
              Object {
                "backgroundImage": "url(\\"https://realhousemoms.com/wp-content/uploads/Honey-Butter-Chicken-IG.jpg\\")",
              }
            }
          />
          <img
            alt=""
            className="css-accessibilityImage-9pa8cd"
            draggable={false}
            src="https://realhousemoms.com/wp-content/uploads/Honey-Butter-Chicken-IG.jpg"
          />
        </div>
      </div>
    </div>
  </div>
  <div
    className="css-view-1dbjc4n r-marginRight-1mf7evn"
  >
    <div
      className="css-text-901oao r-fontWeight-majxgm r-paddingBottom-1mi0q7o r-textAlign-q4m81j"
      dir="auto"
    >
      Pizza
    </div>
    <div
      className="css-view-1dbjc4n r-cursor-1loqt21 r-touchAction-1otgn73 r-transitionDuration-eafdt9 r-transitionProperty-1i6wzkk r-userSelect-lrvibr"
      data-focusable={true}
      onKeyDown={[Function]}
      onKeyUp={[Function]}
      onResponderGrant={[Function]}
      onResponderMove={[Function]}
      onResponderRelease={[Function]}
      onResponderTerminate={[Function]}
      onResponderTerminationRequest={[Function]}
      onStartShouldSetResponder={[Function]}
      tabIndex="0"
    >
      <div
        className="css-view-1dbjc4n"
        style={
          Object {
            "backgroundColor": "rgba(98,0,238,1.00)",
            "borderBottomLeftRadius": "35px",
            "borderBottomRightRadius": "35px",
            "borderTopLeftRadius": "35px",
            "borderTopRightRadius": "35px",
            "height": "70px",
            "width": "70px",
          }
        }
      >
        <div
          className="css-view-1dbjc4n r-flexBasis-1mlwlqe r-overflow-1udh08x r-zIndex-417010"
          style={
            Object {
              "borderBottomLeftRadius": "35px",
              "borderBottomRightRadius": "35px",
              "borderTopLeftRadius": "35px",
              "borderTopRightRadius": "35px",
              "height": "70px",
              "width": "70px",
            }
          }
        >
          <div
            className="css-view-1dbjc4n r-backgroundColor-1niwhzg r-backgroundPosition-vvn4in r-backgroundRepeat-u6sd8q r-backgroundSize-4gszlv r-bottom-1p0dtai r-height-1pi2tsx r-left-1d2f490 r-position-u8s1d r-right-zchlnj r-top-ipm5af r-width-13qz1uu r-zIndex-1wyyakw"
            style={
              Object {
                "backgroundImage": "url(\\"https://realhousemoms.com/wp-content/uploads/Honey-Butter-Chicken-IG.jpg\\")",
              }
            }
          />
          <img
            alt=""
            className="css-accessibilityImage-9pa8cd"
            draggable={false}
            src="https://realhousemoms.com/wp-content/uploads/Honey-Butter-Chicken-IG.jpg"
          />
        </div>
      </div>
    </div>
  </div>
  <div
    className="css-view-1dbjc4n r-marginRight-1mf7evn"
  >
    <div
      className="css-text-901oao r-fontWeight-majxgm r-paddingBottom-1mi0q7o r-textAlign-q4m81j"
      dir="auto"
    >
      Cake
    </div>
    <div
      className="css-view-1dbjc4n r-cursor-1loqt21 r-touchAction-1otgn73 r-transitionDuration-eafdt9 r-transitionProperty-1i6wzkk r-userSelect-lrvibr"
      data-focusable={true}
      onKeyDown={[Function]}
      onKeyUp={[Function]}
      onResponderGrant={[Function]}
      onResponderMove={[Function]}
      onResponderRelease={[Function]}
      onResponderTerminate={[Function]}
      onResponderTerminationRequest={[Function]}
      onStartShouldSetResponder={[Function]}
      tabIndex="0"
    >
      <div
        className="css-view-1dbjc4n"
        style={
          Object {
            "backgroundColor": "rgba(98,0,238,1.00)",
            "borderBottomLeftRadius": "35px",
            "borderBottomRightRadius": "35px",
            "borderTopLeftRadius": "35px",
            "borderTopRightRadius": "35px",
            "height": "70px",
            "width": "70px",
          }
        }
      >
        <div
          className="css-view-1dbjc4n r-flexBasis-1mlwlqe r-overflow-1udh08x r-zIndex-417010"
          style={
            Object {
              "borderBottomLeftRadius": "35px",
              "borderBottomRightRadius": "35px",
              "borderTopLeftRadius": "35px",
              "borderTopRightRadius": "35px",
              "height": "70px",
              "width": "70px",
            }
          }
        >
          <div
            className="css-view-1dbjc4n r-backgroundColor-1niwhzg r-backgroundPosition-vvn4in r-backgroundRepeat-u6sd8q r-backgroundSize-4gszlv r-bottom-1p0dtai r-height-1pi2tsx r-left-1d2f490 r-position-u8s1d r-right-zchlnj r-top-ipm5af r-width-13qz1uu r-zIndex-1wyyakw"
            style={
              Object {
                "backgroundImage": "url(\\"https://realhousemoms.com/wp-content/uploads/Honey-Butter-Chicken-IG.jpg\\")",
              }
            }
          />
          <img
            alt=""
            className="css-accessibilityImage-9pa8cd"
            draggable={false}
            src="https://realhousemoms.com/wp-content/uploads/Honey-Butter-Chicken-IG.jpg"
          />
        </div>
      </div>
    </div>
  </div>
  <div
    className="css-view-1dbjc4n r-marginRight-1mf7evn"
  >
    <div
      className="css-text-901oao r-fontWeight-majxgm r-paddingBottom-1mi0q7o r-textAlign-q4m81j"
      dir="auto"
    >
      Deserts
    </div>
    <div
      className="css-view-1dbjc4n r-cursor-1loqt21 r-touchAction-1otgn73 r-transitionDuration-eafdt9 r-transitionProperty-1i6wzkk r-userSelect-lrvibr"
      data-focusable={true}
      onKeyDown={[Function]}
      onKeyUp={[Function]}
      onResponderGrant={[Function]}
      onResponderMove={[Function]}
      onResponderRelease={[Function]}
      onResponderTerminate={[Function]}
      onResponderTerminationRequest={[Function]}
      onStartShouldSetResponder={[Function]}
      tabIndex="0"
    >
      <div
        className="css-view-1dbjc4n"
        style={
          Object {
            "backgroundColor": "rgba(98,0,238,1.00)",
            "borderBottomLeftRadius": "35px",
            "borderBottomRightRadius": "35px",
            "borderTopLeftRadius": "35px",
            "borderTopRightRadius": "35px",
            "height": "70px",
            "width": "70px",
          }
        }
      >
        <div
          className="css-view-1dbjc4n r-flexBasis-1mlwlqe r-overflow-1udh08x r-zIndex-417010"
          style={
            Object {
              "borderBottomLeftRadius": "35px",
              "borderBottomRightRadius": "35px",
              "borderTopLeftRadius": "35px",
              "borderTopRightRadius": "35px",
              "height": "70px",
              "width": "70px",
            }
          }
        >
          <div
            className="css-view-1dbjc4n r-backgroundColor-1niwhzg r-backgroundPosition-vvn4in r-backgroundRepeat-u6sd8q r-backgroundSize-4gszlv r-bottom-1p0dtai r-height-1pi2tsx r-left-1d2f490 r-position-u8s1d r-right-zchlnj r-top-ipm5af r-width-13qz1uu r-zIndex-1wyyakw"
            style={
              Object {
                "backgroundImage": "url(\\"https://realhousemoms.com/wp-content/uploads/Honey-Butter-Chicken-IG.jpg\\")",
              }
            }
          />
          <img
            alt=""
            className="css-accessibilityImage-9pa8cd"
            draggable={false}
            src="https://realhousemoms.com/wp-content/uploads/Honey-Butter-Chicken-IG.jpg"
          />
        </div>
      </div>
    </div>
  </div>
  <div
    className="css-view-1dbjc4n r-marginRight-1mf7evn"
  >
    <div
      className="css-text-901oao r-fontWeight-majxgm r-paddingBottom-1mi0q7o r-textAlign-q4m81j"
      dir="auto"
    >
      Salad
    </div>
    <div
      className="css-view-1dbjc4n r-cursor-1loqt21 r-touchAction-1otgn73 r-transitionDuration-eafdt9 r-transitionProperty-1i6wzkk r-userSelect-lrvibr"
      data-focusable={true}
      onKeyDown={[Function]}
      onKeyUp={[Function]}
      onResponderGrant={[Function]}
      onResponderMove={[Function]}
      onResponderRelease={[Function]}
      onResponderTerminate={[Function]}
      onResponderTerminationRequest={[Function]}
      onStartShouldSetResponder={[Function]}
      tabIndex="0"
    >
      <div
        className="css-view-1dbjc4n"
        style={
          Object {
            "backgroundColor": "rgba(98,0,238,1.00)",
            "borderBottomLeftRadius": "35px",
            "borderBottomRightRadius": "35px",
            "borderTopLeftRadius": "35px",
            "borderTopRightRadius": "35px",
            "height": "70px",
            "width": "70px",
          }
        }
      >
        <div
          className="css-view-1dbjc4n r-flexBasis-1mlwlqe r-overflow-1udh08x r-zIndex-417010"
          style={
            Object {
              "borderBottomLeftRadius": "35px",
              "borderBottomRightRadius": "35px",
              "borderTopLeftRadius": "35px",
              "borderTopRightRadius": "35px",
              "height": "70px",
              "width": "70px",
            }
          }
        >
          <div
            className="css-view-1dbjc4n r-backgroundColor-1niwhzg r-backgroundPosition-vvn4in r-backgroundRepeat-u6sd8q r-backgroundSize-4gszlv r-bottom-1p0dtai r-height-1pi2tsx r-left-1d2f490 r-position-u8s1d r-right-zchlnj r-top-ipm5af r-width-13qz1uu r-zIndex-1wyyakw"
            style={
              Object {
                "backgroundImage": "url(\\"https://realhousemoms.com/wp-content/uploads/Honey-Butter-Chicken-IG.jpg\\")",
              }
            }
          />
          <img
            alt=""
            className="css-accessibilityImage-9pa8cd"
            draggable={false}
            src="https://realhousemoms.com/wp-content/uploads/Honey-Butter-Chicken-IG.jpg"
          />
        </div>
      </div>
    </div>
  </div>
  <div
    className="css-view-1dbjc4n r-marginRight-1mf7evn"
  >
    <div
      className="css-text-901oao r-fontWeight-majxgm r-paddingBottom-1mi0q7o r-textAlign-q4m81j"
      dir="auto"
    >
      Kids
    </div>
    <div
      className="css-view-1dbjc4n r-cursor-1loqt21 r-touchAction-1otgn73 r-transitionDuration-eafdt9 r-transitionProperty-1i6wzkk r-userSelect-lrvibr"
      data-focusable={true}
      onKeyDown={[Function]}
      onKeyUp={[Function]}
      onResponderGrant={[Function]}
      onResponderMove={[Function]}
      onResponderRelease={[Function]}
      onResponderTerminate={[Function]}
      onResponderTerminationRequest={[Function]}
      onStartShouldSetResponder={[Function]}
      tabIndex="0"
    >
      <div
        className="css-view-1dbjc4n"
        style={
          Object {
            "backgroundColor": "rgba(98,0,238,1.00)",
            "borderBottomLeftRadius": "35px",
            "borderBottomRightRadius": "35px",
            "borderTopLeftRadius": "35px",
            "borderTopRightRadius": "35px",
            "height": "70px",
            "width": "70px",
          }
        }
      >
        <div
          className="css-view-1dbjc4n r-flexBasis-1mlwlqe r-overflow-1udh08x r-zIndex-417010"
          style={
            Object {
              "borderBottomLeftRadius": "35px",
              "borderBottomRightRadius": "35px",
              "borderTopLeftRadius": "35px",
              "borderTopRightRadius": "35px",
              "height": "70px",
              "width": "70px",
            }
          }
        >
          <div
            className="css-view-1dbjc4n r-backgroundColor-1niwhzg r-backgroundPosition-vvn4in r-backgroundRepeat-u6sd8q r-backgroundSize-4gszlv r-bottom-1p0dtai r-height-1pi2tsx r-left-1d2f490 r-position-u8s1d r-right-zchlnj r-top-ipm5af r-width-13qz1uu r-zIndex-1wyyakw"
            style={
              Object {
                "backgroundImage": "url(\\"https://realhousemoms.com/wp-content/uploads/Honey-Butter-Chicken-IG.jpg\\")",
              }
            }
          />
          <img
            alt=""
            className="css-accessibilityImage-9pa8cd"
            draggable={false}
            src="https://realhousemoms.com/wp-content/uploads/Honey-Butter-Chicken-IG.jpg"
          />
        </div>
      </div>
    </div>
  </div>
  <div
    className="css-view-1dbjc4n r-marginRight-1mf7evn"
  >
    <div
      className="css-text-901oao r-fontWeight-majxgm r-paddingBottom-1mi0q7o r-textAlign-q4m81j"
      dir="auto"
    >
      Meat
    </div>
    <div
      className="css-view-1dbjc4n r-cursor-1loqt21 r-touchAction-1otgn73 r-transitionDuration-eafdt9 r-transitionProperty-1i6wzkk r-userSelect-lrvibr"
      data-focusable={true}
      onKeyDown={[Function]}
      onKeyUp={[Function]}
      onResponderGrant={[Function]}
      onResponderMove={[Function]}
      onResponderRelease={[Function]}
      onResponderTerminate={[Function]}
      onResponderTerminationRequest={[Function]}
      onStartShouldSetResponder={[Function]}
      tabIndex="0"
    >
      <div
        className="css-view-1dbjc4n"
        style={
          Object {
            "backgroundColor": "rgba(98,0,238,1.00)",
            "borderBottomLeftRadius": "35px",
            "borderBottomRightRadius": "35px",
            "borderTopLeftRadius": "35px",
            "borderTopRightRadius": "35px",
            "height": "70px",
            "width": "70px",
          }
        }
      >
        <div
          className="css-view-1dbjc4n r-flexBasis-1mlwlqe r-overflow-1udh08x r-zIndex-417010"
          style={
            Object {
              "borderBottomLeftRadius": "35px",
              "borderBottomRightRadius": "35px",
              "borderTopLeftRadius": "35px",
              "borderTopRightRadius": "35px",
              "height": "70px",
              "width": "70px",
            }
          }
        >
          <div
            className="css-view-1dbjc4n r-backgroundColor-1niwhzg r-backgroundPosition-vvn4in r-backgroundRepeat-u6sd8q r-backgroundSize-4gszlv r-bottom-1p0dtai r-height-1pi2tsx r-left-1d2f490 r-position-u8s1d r-right-zchlnj r-top-ipm5af r-width-13qz1uu r-zIndex-1wyyakw"
            style={
              Object {
                "backgroundImage": "url(\\"https://realhousemoms.com/wp-content/uploads/Honey-Butter-Chicken-IG.jpg\\")",
              }
            }
          />
          <img
            alt=""
            className="css-accessibilityImage-9pa8cd"
            draggable={false}
            src="https://realhousemoms.com/wp-content/uploads/Honey-Butter-Chicken-IG.jpg"
          />
        </div>
      </div>
    </div>
  </div>
  <div
    className="css-view-1dbjc4n r-marginRight-1mf7evn"
  >
    <div
      className="css-text-901oao r-fontWeight-majxgm r-paddingBottom-1mi0q7o r-textAlign-q4m81j"
      dir="auto"
    >
      Easy Lunch
    </div>
    <div
      className="css-view-1dbjc4n r-cursor-1loqt21 r-touchAction-1otgn73 r-transitionDuration-eafdt9 r-transitionProperty-1i6wzkk r-userSelect-lrvibr"
      data-focusable={true}
      onKeyDown={[Function]}
      onKeyUp={[Function]}
      onResponderGrant={[Function]}
      onResponderMove={[Function]}
      onResponderRelease={[Function]}
      onResponderTerminate={[Function]}
      onResponderTerminationRequest={[Function]}
      onStartShouldSetResponder={[Function]}
      tabIndex="0"
    >
      <div
        className="css-view-1dbjc4n"
        style={
          Object {
            "backgroundColor": "rgba(98,0,238,1.00)",
            "borderBottomLeftRadius": "35px",
            "borderBottomRightRadius": "35px",
            "borderTopLeftRadius": "35px",
            "borderTopRightRadius": "35px",
            "height": "70px",
            "width": "70px",
          }
        }
      >
        <div
          className="css-view-1dbjc4n r-flexBasis-1mlwlqe r-overflow-1udh08x r-zIndex-417010"
          style={
            Object {
              "borderBottomLeftRadius": "35px",
              "borderBottomRightRadius": "35px",
              "borderTopLeftRadius": "35px",
              "borderTopRightRadius": "35px",
              "height": "70px",
              "width": "70px",
            }
          }
        >
          <div
            className="css-view-1dbjc4n r-backgroundColor-1niwhzg r-backgroundPosition-vvn4in r-backgroundRepeat-u6sd8q r-backgroundSize-4gszlv r-bottom-1p0dtai r-height-1pi2tsx r-left-1d2f490 r-position-u8s1d r-right-zchlnj r-top-ipm5af r-width-13qz1uu r-zIndex-1wyyakw"
            style={
              Object {
                "backgroundImage": "url(\\"https://realhousemoms.com/wp-content/uploads/Honey-Butter-Chicken-IG.jpg\\")",
              }
            }
          />
          <img
            alt=""
            className="css-accessibilityImage-9pa8cd"
            draggable={false}
            src="https://realhousemoms.com/wp-content/uploads/Honey-Butter-Chicken-IG.jpg"
          />
        </div>
      </div>
    </div>
  </div>
</div>
`;
