// Jest Snapshot v1, https://goo.gl/fbAQLP

exports[`PostPhoto component Renders correctly 1`] = `
<Image
  resizeMode="cover"
  source={
    Object {
      "uri": "https://instagram.fdad3-2.fna.fbcdn.net/t51.2885-15/e35/23498828_2151213871773296_819155850823204864_n.jpg",
    }
  }
  style={
    Object {
      "height": 300,
      "width": "100%",
    }
  }
/>
`;
