// Jest Snapshot v1, https://goo.gl/fbAQLP

exports[`InterestedCategories snapshots 1`] = `ShallowWrapper {}`;

exports[`InterestedCategories snapshots 2`] = `ShallowWrapper {}`;
