// Jest Snapshot v1, https://goo.gl/fbAQLP

exports[`Button Renders correctly 1`] = `null`;

exports[`Button Renders correctly radio button component with label 1`] = `null`;

exports[`Button Renders correctly radio button component with status true 1`] = `null`;
