// Jest Snapshot v1, https://goo.gl/fbAQLP

exports[`renders correctly 1`] = `
<div
  className="css-view-1dbjc4n r-display-6koalj r-flexDirection-18u37iz r-justifyContent-1wtj0ep r-padding-1pcd2l5"
>
  <div
    className="css-view-1dbjc4n r-alignItems-1awozwy r-flexDirection-18u37iz"
  >
    <div
      className="css-cursor-18t94o4 css-view-1dbjc4n r-alignItems-1awozwy r-backgroundColor-1niwhzg r-borderRadius-6ncur5 r-cursor-1loqt21 r-height-1r8g8re r-justifyContent-1777fci r-margin-5scogr r-overflow-bztko3 r-touchAction-1otgn73 r-userSelect-lrvibr r-width-1acpoxo"
      data-focusable={true}
      disabled={false}
      onKeyDown={[Function]}
      onKeyPress={[Function]}
      onKeyUp={[Function]}
      onResponderGrant={[Function]}
      onResponderMove={[Function]}
      onResponderRelease={[Function]}
      onResponderTerminate={[Function]}
      onResponderTerminationRequest={[Function]}
      onStartShouldSetResponder={[Function]}
      role="button"
      tabIndex="0"
    >
      <span
        className="css-hitSlop-mjp8i1"
        style={
          Object {
            "bottom": "-6px",
            "left": "-6px",
            "right": "-6px",
            "top": "-6px",
          }
        }
      />
      <div
        className="css-view-1dbjc4n"
      >
        <div
          className="css-text-76zvg2 r-backgroundColor-1niwhzg r-pointerEvents-633pao"
          dir="auto"
          focusable={false}
          role="img"
          style={
            Object {
              "color": "rgba(128,128,128,1.00)",
              "fontSize": "30px",
            }
          }
        >
          □
        </div>
      </div>
    </div>
    <div
      className="css-text-76zvg2 r-marginLeft-1n0xq6e"
      dir="auto"
    >
      Save
    </div>
  </div>
  <div
    className="css-view-1dbjc4n r-alignItems-1awozwy r-flexDirection-18u37iz"
  >
    <div
      className="css-cursor-18t94o4 css-view-1dbjc4n r-alignItems-1awozwy r-backgroundColor-1niwhzg r-borderRadius-6ncur5 r-cursor-1loqt21 r-height-1r8g8re r-justifyContent-1777fci r-margin-5scogr r-overflow-bztko3 r-touchAction-1otgn73 r-userSelect-lrvibr r-width-1acpoxo"
      data-focusable={true}
      disabled={false}
      onKeyDown={[Function]}
      onKeyPress={[Function]}
      onKeyUp={[Function]}
      onResponderGrant={[Function]}
      onResponderMove={[Function]}
      onResponderRelease={[Function]}
      onResponderTerminate={[Function]}
      onResponderTerminationRequest={[Function]}
      onStartShouldSetResponder={[Function]}
      role="button"
      tabIndex="0"
    >
      <span
        className="css-hitSlop-mjp8i1"
        style={
          Object {
            "bottom": "-6px",
            "left": "-6px",
            "right": "-6px",
            "top": "-6px",
          }
        }
      />
      <div
        className="css-view-1dbjc4n"
      >
        <div
          className="css-text-76zvg2 r-backgroundColor-1niwhzg r-pointerEvents-633pao"
          dir="auto"
          focusable={false}
          role="img"
          style={
            Object {
              "color": "rgba(128,128,128,1.00)",
              "fontSize": "30px",
            }
          }
        >
          □
        </div>
      </div>
    </div>
    <div
      className="css-text-76zvg2 r-marginLeft-1n0xq6e"
      dir="auto"
    >
      1
    </div>
  </div>
</div>
`;
