// Jest Snapshot v1, https://goo.gl/fbAQLP

exports[`NewFeed Should render component 1`] = `
<div
  className="css-view-1dbjc4n r-marginLeft-1jj8364 r-marginRight-lchren r-width-16k0tzm"
>
  <div
    className="css-view-1dbjc4n r-WebkitOverflowScrolling-150rngu r-flexDirection-18u37iz r-flexGrow-16y2uox r-flexShrink-1wbh5a2 r-overflowX-lltvgl r-overflowY-buy8e9 r-transform-1sncvnh"
    onResponderGrant={[Function]}
    onResponderReject={[Function]}
    onResponderRelease={[Function]}
    onResponderTerminationRequest={[Function]}
    onScroll={[Function]}
    onScrollShouldSetResponder={[Function]}
    onStartShouldSetResponder={[Function]}
    onStartShouldSetResponderCapture={[Function]}
    onTouchEnd={[Function]}
    onTouchMove={[Function]}
    onTouchStart={[Function]}
    onWheel={[Function]}
  >
    <div
      className="css-view-1dbjc4n r-flexDirection-18u37iz"
    >
      <div
        className="css-view-1dbjc4n r-display-6koalj r-flexDirection-18u37iz r-padding-1pcd2l5"
      >
        <div
          className="css-view-1dbjc4n r-marginRight-1mf7evn"
        >
          <div
            className="css-text-901oao r-fontWeight-majxgm r-paddingBottom-1mi0q7o r-textAlign-q4m81j"
            dir="auto"
          >
            Chicken
          </div>
          <div
            className="css-view-1dbjc4n r-cursor-1loqt21 r-touchAction-1otgn73 r-transitionDuration-eafdt9 r-transitionProperty-1i6wzkk r-userSelect-lrvibr"
            data-focusable={true}
            onKeyDown={[Function]}
            onKeyUp={[Function]}
            onResponderGrant={[Function]}
            onResponderMove={[Function]}
            onResponderRelease={[Function]}
            onResponderTerminate={[Function]}
            onResponderTerminationRequest={[Function]}
            onStartShouldSetResponder={[Function]}
            tabIndex="0"
          >
            <div
              className="css-view-1dbjc4n"
              style={
                Object {
                  "backgroundColor": "rgba(98,0,238,1.00)",
                  "borderBottomLeftRadius": "35px",
                  "borderBottomRightRadius": "35px",
                  "borderTopLeftRadius": "35px",
                  "borderTopRightRadius": "35px",
                  "height": "70px",
                  "width": "70px",
                }
              }
            >
              <div
                className="css-view-1dbjc4n r-flexBasis-1mlwlqe r-overflow-1udh08x r-zIndex-417010"
                style={
                  Object {
                    "borderBottomLeftRadius": "35px",
                    "borderBottomRightRadius": "35px",
                    "borderTopLeftRadius": "35px",
                    "borderTopRightRadius": "35px",
                    "height": "70px",
                    "width": "70px",
                  }
                }
              >
                <div
                  className="css-view-1dbjc4n r-backgroundColor-1niwhzg r-backgroundPosition-vvn4in r-backgroundRepeat-u6sd8q r-backgroundSize-4gszlv r-bottom-1p0dtai r-height-1pi2tsx r-left-1d2f490 r-position-u8s1d r-right-zchlnj r-top-ipm5af r-width-13qz1uu r-zIndex-1wyyakw"
                  style={
                    Object {
                      "backgroundImage": "url(\\"https://realhousemoms.com/wp-content/uploads/Honey-Butter-Chicken-IG.jpg\\")",
                    }
                  }
                />
                <img
                  alt=""
                  className="css-accessibilityImage-9pa8cd"
                  draggable={false}
                  src="https://realhousemoms.com/wp-content/uploads/Honey-Butter-Chicken-IG.jpg"
                />
              </div>
            </div>
          </div>
        </div>
      </div>
    </div>
  </div>
  <div
    className="css-view-1dbjc4n r-flex-13awgt0 r-flexDirection-18u37iz r-flexWrap-1w6e6rj r-justifyContent-1h0z5md r-margin-ywje51 r-maxWidth-c3zab1 r-paddingTop-bijgke r-width-13qz1uu"
  >
    <div
      className="css-view-1dbjc4n"
    >
      <div
        className="css-view-1dbjc4n r-borderBottomWidth-qklmqi r-borderColor-35fm6a r-display-6koalj r-flexDirection-18u37iz r-marginBottom-1yflyrw r-marginTop-1x0uki6"
      >
        <div
          className="css-text-901oao r-backgroundColor-1dw62tt r-borderTopLeftRadius-j9b53g r-borderTopRightRadius-1i97xy8 r-borderWidth-rs99b7 r-color-jwli3a r-cursor-1loqt21 r-paddingBottom-1mi0q7o r-paddingLeft-b5h31w r-paddingRight-1ah4tor r-paddingTop-m611by r-textTransform-tsynxw"
          data-focusable={true}
          dir="auto"
          onClick={[Function]}
          onKeyDown={[Function]}
          tabIndex="0"
        >
           All Recipes
        </div>
        <div
          className="css-text-901oao r-backgroundColor-1pzepah r-borderTopLeftRadius-j9b53g r-borderTopRightRadius-1i97xy8 r-borderWidth-rs99b7 r-color-jwli3a r-cursor-1loqt21 r-paddingBottom-1mi0q7o r-paddingLeft-b5h31w r-paddingRight-1ah4tor r-paddingTop-m611by r-textTransform-tsynxw"
          data-focusable={true}
          dir="auto"
          onClick={[Function]}
          onKeyDown={[Function]}
          tabIndex="0"
        >
           Top Votest Recipes
        </div>
      </div>
      <div
        className="css-view-1dbjc4n"
      >
        <div
          className="css-view-1dbjc4n r-display-6koalj r-minWidth-1jsugan r-paddingLeft-1hfyk0a r-paddingRight-1qfoi16 r-width-b8tw3c"
        >
          <div
            className="css-view-1dbjc4n"
          >
            <div
              className="css-text-901oao css-textOneLine-bfa6kz r-color-cqee49 r-cursor-1loqt21 r-fontSize-zz5t5d r-fontWeight-1kfrs79 r-maxWidth-14qjzug r-overflow-1udh08x r-paddingLeft-b5h31w r-paddingRight-1ah4tor"
              data-focusable={true}
              dir="auto"
              onClick={[Function]}
              onKeyDown={[Function]}
              tabIndex="0"
            >
              Bun Bo Hue Recipe
            </div>
            <div
              className="css-text-901oao css-textOneLine-bfa6kz r-color-1h2fve2 r-fontSize-adyw6z r-fontWeight-1kfrs79 r-height-1g7fiml r-maxWidth-14qjzug r-overflow-1udh08x r-paddingLeft-b5h31w r-paddingRight-1ah4tor"
              dir="auto"
            >
              2lb pork neck bones, 2lb beef bones, 1lb oxtail
            </div>
            <div
              className="css-view-1dbjc4n r-cursor-1loqt21 r-touchAction-1otgn73 r-transitionDuration-eafdt9 r-transitionProperty-1i6wzkk r-userSelect-lrvibr"
              data-focusable={true}
              disabled={false}
              onKeyDown={[Function]}
              onKeyUp={[Function]}
              onResponderGrant={[Function]}
              onResponderMove={[Function]}
              onResponderRelease={[Function]}
              onResponderTerminate={[Function]}
              onResponderTerminationRequest={[Function]}
              onStartShouldSetResponder={[Function]}
              tabIndex="0"
            >
              <div
                className="css-view-1dbjc4n r-backgroundColor-7klgxt r-height-erd55g r-marginTop-156q2ks r-width-13qz1uu"
              >
                <div
                  className="css-view-1dbjc4n r-flexBasis-1mlwlqe r-height-1pi2tsx r-overflow-1udh08x r-width-13qz1uu r-zIndex-417010"
                >
                  <div
                    className="css-view-1dbjc4n r-backgroundColor-1niwhzg r-backgroundPosition-vvn4in r-backgroundRepeat-u6sd8q r-backgroundSize-4gszlv r-bottom-1p0dtai r-height-1pi2tsx r-left-1d2f490 r-position-u8s1d r-right-zchlnj r-top-ipm5af r-width-13qz1uu r-zIndex-1wyyakw"
                    style={
                      Object {
                        "backgroundImage": "url(\\"https://www.tastefullysimple.com/_/media/images/recipe-default-image.png\\")",
                      }
                    }
                  />
                  <img
                    alt=""
                    className="css-accessibilityImage-9pa8cd"
                    draggable={false}
                    src="https://www.tastefullysimple.com/_/media/images/recipe-default-image.png"
                  />
                </div>
              </div>
            </div>
          </div>
          <div
            className="css-view-1dbjc4n r-display-6koalj r-flexDirection-18u37iz r-justifyContent-1wtj0ep r-padding-1pcd2l5"
          >
            <div
              className="css-view-1dbjc4n r-alignItems-1awozwy r-flexDirection-18u37iz"
            >
              <div
                className="css-cursor-18t94o4 css-view-1dbjc4n r-alignItems-1awozwy r-backgroundColor-1niwhzg r-borderRadius-6ncur5 r-cursor-1loqt21 r-height-1r8g8re r-justifyContent-1777fci r-margin-5scogr r-overflow-bztko3 r-touchAction-1otgn73 r-userSelect-lrvibr r-width-1acpoxo"
                data-focusable={true}
                disabled={false}
                onKeyDown={[Function]}
                onKeyPress={[Function]}
                onKeyUp={[Function]}
                onResponderGrant={[Function]}
                onResponderMove={[Function]}
                onResponderRelease={[Function]}
                onResponderTerminate={[Function]}
                onResponderTerminationRequest={[Function]}
                onStartShouldSetResponder={[Function]}
                role="button"
                tabIndex="0"
              >
                <span
                  className="css-hitSlop-mjp8i1"
                  style={
                    Object {
                      "bottom": "-6px",
                      "left": "-6px",
                      "right": "-6px",
                      "top": "-6px",
                    }
                  }
                />
                <div
                  className="css-view-1dbjc4n"
                >
                  <div
                    className="css-text-901oao r-backgroundColor-1niwhzg r-pointerEvents-633pao"
                    dir="auto"
                    focusable={false}
                    role="img"
                    style={
                      Object {
                        "WebkitTransform": "scaleX(1)",
                        "color": "rgba(128,128,128,1.00)",
                        "fontFamily": "MaterialIcons",
                        "fontSize": "40px",
                        "fontStyle": "normal",
                        "fontWeight": "normal",
                        "transform": "scaleX(1)",
                      }
                    }
                  >
                    
                  </div>
                </div>
              </div>
              <div
                className="css-text-901oao r-marginLeft-1n0xq6e r-textAlign-q4m81j"
                dir="auto"
              >
                Save
              </div>
            </div>
            <div
              className="css-view-1dbjc4n r-alignItems-1awozwy r-flexDirection-18u37iz"
            >
              <div
                className="css-cursor-18t94o4 css-view-1dbjc4n r-alignItems-1awozwy r-backgroundColor-1niwhzg r-borderRadius-6ncur5 r-cursor-1loqt21 r-height-1r8g8re r-justifyContent-1777fci r-margin-5scogr r-overflow-bztko3 r-touchAction-1otgn73 r-userSelect-lrvibr r-width-1acpoxo"
                data-focusable={true}
                disabled={false}
                onKeyDown={[Function]}
                onKeyPress={[Function]}
                onKeyUp={[Function]}
                onResponderGrant={[Function]}
                onResponderMove={[Function]}
                onResponderRelease={[Function]}
                onResponderTerminate={[Function]}
                onResponderTerminationRequest={[Function]}
                onStartShouldSetResponder={[Function]}
                role="button"
                tabIndex="0"
              >
                <span
                  className="css-hitSlop-mjp8i1"
                  style={
                    Object {
                      "bottom": "-6px",
                      "left": "-6px",
                      "right": "-6px",
                      "top": "-6px",
                    }
                  }
                />
                <div
                  className="css-view-1dbjc4n"
                >
                  <div
                    className="css-text-901oao r-backgroundColor-1niwhzg r-pointerEvents-633pao"
                    dir="auto"
                    focusable={false}
                    role="img"
                    style={
                      Object {
                        "WebkitTransform": "scaleX(1)",
                        "color": "rgba(70,91,174,1.00)",
                        "fontFamily": "MaterialIcons",
                        "fontSize": "40px",
                        "fontStyle": "normal",
                        "fontWeight": "normal",
                        "transform": "scaleX(1)",
                      }
                    }
                  >
                    
                  </div>
                </div>
              </div>
              <div
                className="css-text-901oao r-marginLeft-1n0xq6e r-textAlign-q4m81j"
                dir="auto"
              >
                2
              </div>
            </div>
          </div>
        </div>
        <div
          className="css-view-1dbjc4n r-display-6koalj r-minWidth-1jsugan r-paddingLeft-1hfyk0a r-paddingRight-1qfoi16 r-width-b8tw3c"
        >
          <div
            className="css-view-1dbjc4n"
          >
            <div
              className="css-text-901oao css-textOneLine-bfa6kz r-color-cqee49 r-cursor-1loqt21 r-fontSize-zz5t5d r-fontWeight-1kfrs79 r-maxWidth-14qjzug r-overflow-1udh08x r-paddingLeft-b5h31w r-paddingRight-1ah4tor"
              data-focusable={true}
              dir="auto"
              onClick={[Function]}
              onKeyDown={[Function]}
              tabIndex="0"
            >
              Crispy Fried Chicken
            </div>
            <div
              className="css-text-901oao css-textOneLine-bfa6kz r-color-1h2fve2 r-fontSize-adyw6z r-fontWeight-1kfrs79 r-height-1g7fiml r-maxWidth-14qjzug r-overflow-1udh08x r-paddingLeft-b5h31w r-paddingRight-1ah4tor"
              dir="auto"
            >
              Description for Crispy Fried Chicken
            </div>
            <div
              className="css-view-1dbjc4n r-cursor-1loqt21 r-touchAction-1otgn73 r-transitionDuration-eafdt9 r-transitionProperty-1i6wzkk r-userSelect-lrvibr"
              data-focusable={true}
              disabled={false}
              onKeyDown={[Function]}
              onKeyUp={[Function]}
              onResponderGrant={[Function]}
              onResponderMove={[Function]}
              onResponderRelease={[Function]}
              onResponderTerminate={[Function]}
              onResponderTerminationRequest={[Function]}
              onStartShouldSetResponder={[Function]}
              tabIndex="0"
            >
              <div
                className="css-view-1dbjc4n r-backgroundColor-7klgxt r-height-erd55g r-marginTop-156q2ks r-width-13qz1uu"
              >
                <div
                  className="css-view-1dbjc4n r-flexBasis-1mlwlqe r-height-1pi2tsx r-overflow-1udh08x r-width-13qz1uu r-zIndex-417010"
                >
                  <div
                    className="css-view-1dbjc4n r-backgroundColor-1niwhzg r-backgroundPosition-vvn4in r-backgroundRepeat-u6sd8q r-backgroundSize-4gszlv r-bottom-1p0dtai r-height-1pi2tsx r-left-1d2f490 r-position-u8s1d r-right-zchlnj r-top-ipm5af r-width-13qz1uu r-zIndex-1wyyakw"
                    style={
                      Object {
                        "backgroundImage": "url(\\"https://www.tastefullysimple.com/_/media/images/recipe-default-image.png\\")",
                      }
                    }
                  />
                  <img
                    alt=""
                    className="css-accessibilityImage-9pa8cd"
                    draggable={false}
                    src="https://www.tastefullysimple.com/_/media/images/recipe-default-image.png"
                  />
                </div>
              </div>
            </div>
          </div>
          <div
            className="css-view-1dbjc4n r-display-6koalj r-flexDirection-18u37iz r-justifyContent-1wtj0ep r-padding-1pcd2l5"
          >
            <div
              className="css-view-1dbjc4n r-alignItems-1awozwy r-flexDirection-18u37iz"
            >
              <div
                className="css-cursor-18t94o4 css-view-1dbjc4n r-alignItems-1awozwy r-backgroundColor-1niwhzg r-borderRadius-6ncur5 r-cursor-1loqt21 r-height-1r8g8re r-justifyContent-1777fci r-margin-5scogr r-overflow-bztko3 r-touchAction-1otgn73 r-userSelect-lrvibr r-width-1acpoxo"
                data-focusable={true}
                disabled={false}
                onKeyDown={[Function]}
                onKeyPress={[Function]}
                onKeyUp={[Function]}
                onResponderGrant={[Function]}
                onResponderMove={[Function]}
                onResponderRelease={[Function]}
                onResponderTerminate={[Function]}
                onResponderTerminationRequest={[Function]}
                onStartShouldSetResponder={[Function]}
                role="button"
                tabIndex="0"
              >
                <span
                  className="css-hitSlop-mjp8i1"
                  style={
                    Object {
                      "bottom": "-6px",
                      "left": "-6px",
                      "right": "-6px",
                      "top": "-6px",
                    }
                  }
                />
                <div
                  className="css-view-1dbjc4n"
                >
                  <div
                    className="css-text-901oao r-backgroundColor-1niwhzg r-pointerEvents-633pao"
                    dir="auto"
                    focusable={false}
                    role="img"
                    style={
                      Object {
                        "WebkitTransform": "scaleX(1)",
                        "color": "rgba(128,128,128,1.00)",
                        "fontFamily": "MaterialIcons",
                        "fontSize": "40px",
                        "fontStyle": "normal",
                        "fontWeight": "normal",
                        "transform": "scaleX(1)",
                      }
                    }
                  >
                    
                  </div>
                </div>
              </div>
              <div
                className="css-text-901oao r-marginLeft-1n0xq6e r-textAlign-q4m81j"
                dir="auto"
              >
                Save
              </div>
            </div>
            <div
              className="css-view-1dbjc4n r-alignItems-1awozwy r-flexDirection-18u37iz"
            >
              <div
                className="css-cursor-18t94o4 css-view-1dbjc4n r-alignItems-1awozwy r-backgroundColor-1niwhzg r-borderRadius-6ncur5 r-cursor-1loqt21 r-height-1r8g8re r-justifyContent-1777fci r-margin-5scogr r-overflow-bztko3 r-touchAction-1otgn73 r-userSelect-lrvibr r-width-1acpoxo"
                data-focusable={true}
                disabled={false}
                onKeyDown={[Function]}
                onKeyPress={[Function]}
                onKeyUp={[Function]}
                onResponderGrant={[Function]}
                onResponderMove={[Function]}
                onResponderRelease={[Function]}
                onResponderTerminate={[Function]}
                onResponderTerminationRequest={[Function]}
                onStartShouldSetResponder={[Function]}
                role="button"
                tabIndex="0"
              >
                <span
                  className="css-hitSlop-mjp8i1"
                  style={
                    Object {
                      "bottom": "-6px",
                      "left": "-6px",
                      "right": "-6px",
                      "top": "-6px",
                    }
                  }
                />
                <div
                  className="css-view-1dbjc4n"
                >
                  <div
                    className="css-text-901oao r-backgroundColor-1niwhzg r-pointerEvents-633pao"
                    dir="auto"
                    focusable={false}
                    role="img"
                    style={
                      Object {
                        "WebkitTransform": "scaleX(1)",
                        "color": "rgba(70,91,174,1.00)",
                        "fontFamily": "MaterialIcons",
                        "fontSize": "40px",
                        "fontStyle": "normal",
                        "fontWeight": "normal",
                        "transform": "scaleX(1)",
                      }
                    }
                  >
                    
                  </div>
                </div>
              </div>
              <div
                className="css-text-901oao r-marginLeft-1n0xq6e r-textAlign-q4m81j"
                dir="auto"
              >
                2
              </div>
            </div>
          </div>
        </div>
        <div
          className="css-view-1dbjc4n r-display-6koalj r-minWidth-1jsugan r-paddingLeft-1hfyk0a r-paddingRight-1qfoi16 r-width-b8tw3c"
        >
          <div
            className="css-view-1dbjc4n"
          >
            <div
              className="css-text-901oao css-textOneLine-bfa6kz r-color-cqee49 r-cursor-1loqt21 r-fontSize-zz5t5d r-fontWeight-1kfrs79 r-maxWidth-14qjzug r-overflow-1udh08x r-paddingLeft-b5h31w r-paddingRight-1ah4tor"
              data-focusable={true}
              dir="auto"
              onClick={[Function]}
              onKeyDown={[Function]}
              tabIndex="0"
            >
              Crispy Fried Chicken
            </div>
            <div
              className="css-text-901oao css-textOneLine-bfa6kz r-color-1h2fve2 r-fontSize-adyw6z r-fontWeight-1kfrs79 r-height-1g7fiml r-maxWidth-14qjzug r-overflow-1udh08x r-paddingLeft-b5h31w r-paddingRight-1ah4tor"
              dir="auto"
            >
              Description for Crispy Fried Chicken
            </div>
            <div
              className="css-view-1dbjc4n r-cursor-1loqt21 r-touchAction-1otgn73 r-transitionDuration-eafdt9 r-transitionProperty-1i6wzkk r-userSelect-lrvibr"
              data-focusable={true}
              disabled={false}
              onKeyDown={[Function]}
              onKeyUp={[Function]}
              onResponderGrant={[Function]}
              onResponderMove={[Function]}
              onResponderRelease={[Function]}
              onResponderTerminate={[Function]}
              onResponderTerminationRequest={[Function]}
              onStartShouldSetResponder={[Function]}
              tabIndex="0"
            >
              <div
                className="css-view-1dbjc4n r-backgroundColor-7klgxt r-height-erd55g r-marginTop-156q2ks r-width-13qz1uu"
              >
                <div
                  className="css-view-1dbjc4n r-flexBasis-1mlwlqe r-height-1pi2tsx r-overflow-1udh08x r-width-13qz1uu r-zIndex-417010"
                >
                  <div
                    className="css-view-1dbjc4n r-backgroundColor-1niwhzg r-backgroundPosition-vvn4in r-backgroundRepeat-u6sd8q r-backgroundSize-4gszlv r-bottom-1p0dtai r-height-1pi2tsx r-left-1d2f490 r-position-u8s1d r-right-zchlnj r-top-ipm5af r-width-13qz1uu r-zIndex-1wyyakw"
                    style={
                      Object {
                        "backgroundImage": "url(\\"https://www.tastefullysimple.com/_/media/images/recipe-default-image.png\\")",
                      }
                    }
                  />
                  <img
                    alt=""
                    className="css-accessibilityImage-9pa8cd"
                    draggable={false}
                    src="https://www.tastefullysimple.com/_/media/images/recipe-default-image.png"
                  />
                </div>
              </div>
            </div>
          </div>
          <div
            className="css-view-1dbjc4n r-display-6koalj r-flexDirection-18u37iz r-justifyContent-1wtj0ep r-padding-1pcd2l5"
          >
            <div
              className="css-view-1dbjc4n r-alignItems-1awozwy r-flexDirection-18u37iz"
            >
              <div
                className="css-cursor-18t94o4 css-view-1dbjc4n r-alignItems-1awozwy r-backgroundColor-1niwhzg r-borderRadius-6ncur5 r-cursor-1loqt21 r-height-1r8g8re r-justifyContent-1777fci r-margin-5scogr r-overflow-bztko3 r-touchAction-1otgn73 r-userSelect-lrvibr r-width-1acpoxo"
                data-focusable={true}
                disabled={false}
                onKeyDown={[Function]}
                onKeyPress={[Function]}
                onKeyUp={[Function]}
                onResponderGrant={[Function]}
                onResponderMove={[Function]}
                onResponderRelease={[Function]}
                onResponderTerminate={[Function]}
                onResponderTerminationRequest={[Function]}
                onStartShouldSetResponder={[Function]}
                role="button"
                tabIndex="0"
              >
                <span
                  className="css-hitSlop-mjp8i1"
                  style={
                    Object {
                      "bottom": "-6px",
                      "left": "-6px",
                      "right": "-6px",
                      "top": "-6px",
                    }
                  }
                />
                <div
                  className="css-view-1dbjc4n"
                >
                  <div
                    className="css-text-901oao r-backgroundColor-1niwhzg r-pointerEvents-633pao"
                    dir="auto"
                    focusable={false}
                    role="img"
                    style={
                      Object {
                        "WebkitTransform": "scaleX(1)",
                        "color": "rgba(128,128,128,1.00)",
                        "fontFamily": "MaterialIcons",
                        "fontSize": "40px",
                        "fontStyle": "normal",
                        "fontWeight": "normal",
                        "transform": "scaleX(1)",
                      }
                    }
                  >
                    
                  </div>
                </div>
              </div>
              <div
                className="css-text-901oao r-marginLeft-1n0xq6e r-textAlign-q4m81j"
                dir="auto"
              >
                Save
              </div>
            </div>
            <div
              className="css-view-1dbjc4n r-alignItems-1awozwy r-flexDirection-18u37iz"
            >
              <div
                className="css-cursor-18t94o4 css-view-1dbjc4n r-alignItems-1awozwy r-backgroundColor-1niwhzg r-borderRadius-6ncur5 r-cursor-1loqt21 r-height-1r8g8re r-justifyContent-1777fci r-margin-5scogr r-overflow-bztko3 r-touchAction-1otgn73 r-userSelect-lrvibr r-width-1acpoxo"
                data-focusable={true}
                disabled={false}
                onKeyDown={[Function]}
                onKeyPress={[Function]}
                onKeyUp={[Function]}
                onResponderGrant={[Function]}
                onResponderMove={[Function]}
                onResponderRelease={[Function]}
                onResponderTerminate={[Function]}
                onResponderTerminationRequest={[Function]}
                onStartShouldSetResponder={[Function]}
                role="button"
                tabIndex="0"
              >
                <span
                  className="css-hitSlop-mjp8i1"
                  style={
                    Object {
                      "bottom": "-6px",
                      "left": "-6px",
                      "right": "-6px",
                      "top": "-6px",
                    }
                  }
                />
                <div
                  className="css-view-1dbjc4n"
                >
                  <div
                    className="css-text-901oao r-backgroundColor-1niwhzg r-pointerEvents-633pao"
                    dir="auto"
                    focusable={false}
                    role="img"
                    style={
                      Object {
                        "WebkitTransform": "scaleX(1)",
                        "color": "rgba(70,91,174,1.00)",
                        "fontFamily": "MaterialIcons",
                        "fontSize": "40px",
                        "fontStyle": "normal",
                        "fontWeight": "normal",
                        "transform": "scaleX(1)",
                      }
                    }
                  >
                    
                  </div>
                </div>
              </div>
              <div
                className="css-text-901oao r-marginLeft-1n0xq6e r-textAlign-q4m81j"
                dir="auto"
              >
                2
              </div>
            </div>
          </div>
        </div>
        <div
          className="css-view-1dbjc4n r-display-6koalj r-minWidth-1jsugan r-paddingLeft-1hfyk0a r-paddingRight-1qfoi16 r-width-b8tw3c"
        >
          <div
            className="css-view-1dbjc4n"
          >
            <div
              className="css-text-901oao css-textOneLine-bfa6kz r-color-cqee49 r-cursor-1loqt21 r-fontSize-zz5t5d r-fontWeight-1kfrs79 r-maxWidth-14qjzug r-overflow-1udh08x r-paddingLeft-b5h31w r-paddingRight-1ah4tor"
              data-focusable={true}
              dir="auto"
              onClick={[Function]}
              onKeyDown={[Function]}
              tabIndex="0"
            >
              Crispy Fried Chicken
            </div>
            <div
              className="css-text-901oao css-textOneLine-bfa6kz r-color-1h2fve2 r-fontSize-adyw6z r-fontWeight-1kfrs79 r-height-1g7fiml r-maxWidth-14qjzug r-overflow-1udh08x r-paddingLeft-b5h31w r-paddingRight-1ah4tor"
              dir="auto"
            >
              Description for Crispy Fried Chicken
            </div>
            <div
              className="css-view-1dbjc4n r-cursor-1loqt21 r-touchAction-1otgn73 r-transitionDuration-eafdt9 r-transitionProperty-1i6wzkk r-userSelect-lrvibr"
              data-focusable={true}
              disabled={false}
              onKeyDown={[Function]}
              onKeyUp={[Function]}
              onResponderGrant={[Function]}
              onResponderMove={[Function]}
              onResponderRelease={[Function]}
              onResponderTerminate={[Function]}
              onResponderTerminationRequest={[Function]}
              onStartShouldSetResponder={[Function]}
              tabIndex="0"
            >
              <div
                className="css-view-1dbjc4n r-backgroundColor-7klgxt r-height-erd55g r-marginTop-156q2ks r-width-13qz1uu"
              >
                <div
                  className="css-view-1dbjc4n r-flexBasis-1mlwlqe r-height-1pi2tsx r-overflow-1udh08x r-width-13qz1uu r-zIndex-417010"
                >
                  <div
                    className="css-view-1dbjc4n r-backgroundColor-1niwhzg r-backgroundPosition-vvn4in r-backgroundRepeat-u6sd8q r-backgroundSize-4gszlv r-bottom-1p0dtai r-height-1pi2tsx r-left-1d2f490 r-position-u8s1d r-right-zchlnj r-top-ipm5af r-width-13qz1uu r-zIndex-1wyyakw"
                    style={
                      Object {
                        "backgroundImage": "url(\\"https://www.tastefullysimple.com/_/media/images/recipe-default-image.png\\")",
                      }
                    }
                  />
                  <img
                    alt=""
                    className="css-accessibilityImage-9pa8cd"
                    draggable={false}
                    src="https://www.tastefullysimple.com/_/media/images/recipe-default-image.png"
                  />
                </div>
              </div>
            </div>
          </div>
          <div
            className="css-view-1dbjc4n r-display-6koalj r-flexDirection-18u37iz r-justifyContent-1wtj0ep r-padding-1pcd2l5"
          >
            <div
              className="css-view-1dbjc4n r-alignItems-1awozwy r-flexDirection-18u37iz"
            >
              <div
                className="css-cursor-18t94o4 css-view-1dbjc4n r-alignItems-1awozwy r-backgroundColor-1niwhzg r-borderRadius-6ncur5 r-cursor-1loqt21 r-height-1r8g8re r-justifyContent-1777fci r-margin-5scogr r-overflow-bztko3 r-touchAction-1otgn73 r-userSelect-lrvibr r-width-1acpoxo"
                data-focusable={true}
                disabled={false}
                onKeyDown={[Function]}
                onKeyPress={[Function]}
                onKeyUp={[Function]}
                onResponderGrant={[Function]}
                onResponderMove={[Function]}
                onResponderRelease={[Function]}
                onResponderTerminate={[Function]}
                onResponderTerminationRequest={[Function]}
                onStartShouldSetResponder={[Function]}
                role="button"
                tabIndex="0"
              >
                <span
                  className="css-hitSlop-mjp8i1"
                  style={
                    Object {
                      "bottom": "-6px",
                      "left": "-6px",
                      "right": "-6px",
                      "top": "-6px",
                    }
                  }
                />
                <div
                  className="css-view-1dbjc4n"
                >
                  <div
                    className="css-text-901oao r-backgroundColor-1niwhzg r-pointerEvents-633pao"
                    dir="auto"
                    focusable={false}
                    role="img"
                    style={
                      Object {
                        "WebkitTransform": "scaleX(1)",
                        "color": "rgba(128,128,128,1.00)",
                        "fontFamily": "MaterialIcons",
                        "fontSize": "40px",
                        "fontStyle": "normal",
                        "fontWeight": "normal",
                        "transform": "scaleX(1)",
                      }
                    }
                  >
                    
                  </div>
                </div>
              </div>
              <div
                className="css-text-901oao r-marginLeft-1n0xq6e r-textAlign-q4m81j"
                dir="auto"
              >
                Save
              </div>
            </div>
            <div
              className="css-view-1dbjc4n r-alignItems-1awozwy r-flexDirection-18u37iz"
            >
              <div
                className="css-cursor-18t94o4 css-view-1dbjc4n r-alignItems-1awozwy r-backgroundColor-1niwhzg r-borderRadius-6ncur5 r-cursor-1loqt21 r-height-1r8g8re r-justifyContent-1777fci r-margin-5scogr r-overflow-bztko3 r-touchAction-1otgn73 r-userSelect-lrvibr r-width-1acpoxo"
                data-focusable={true}
                disabled={false}
                onKeyDown={[Function]}
                onKeyPress={[Function]}
                onKeyUp={[Function]}
                onResponderGrant={[Function]}
                onResponderMove={[Function]}
                onResponderRelease={[Function]}
                onResponderTerminate={[Function]}
                onResponderTerminationRequest={[Function]}
                onStartShouldSetResponder={[Function]}
                role="button"
                tabIndex="0"
              >
                <span
                  className="css-hitSlop-mjp8i1"
                  style={
                    Object {
                      "bottom": "-6px",
                      "left": "-6px",
                      "right": "-6px",
                      "top": "-6px",
                    }
                  }
                />
                <div
                  className="css-view-1dbjc4n"
                >
                  <div
                    className="css-text-901oao r-backgroundColor-1niwhzg r-pointerEvents-633pao"
                    dir="auto"
                    focusable={false}
                    role="img"
                    style={
                      Object {
                        "WebkitTransform": "scaleX(1)",
                        "color": "rgba(70,91,174,1.00)",
                        "fontFamily": "MaterialIcons",
                        "fontSize": "40px",
                        "fontStyle": "normal",
                        "fontWeight": "normal",
                        "transform": "scaleX(1)",
                      }
                    }
                  >
                    
                  </div>
                </div>
              </div>
              <div
                className="css-text-901oao r-marginLeft-1n0xq6e r-textAlign-q4m81j"
                dir="auto"
              >
                2
              </div>
            </div>
          </div>
        </div>
      </div>
    </div>
  </div>
</div>
`;
