// Jest Snapshot v1, https://goo.gl/fbAQLP

exports[`Comment renders correctly 1`] = `ReactWrapper {}`;

exports[`Comment renders correctly component with isGetTime = true 1`] = `ReactWrapper {}`;

exports[`Comment renders correctly component with type secondary 1`] = `ReactWrapper {}`;
