// Jest Snapshot v1, https://goo.gl/fbAQLP

exports[`renders correctly 1`] = `
<div
  aria-disabled={true}
  className="css-view-1dbjc4n r-transitionDuration-eafdt9 r-transitionProperty-1i6wzkk r-userSelect-lrvibr"
  disabled={true}
  onKeyDown={[Function]}
  onKeyUp={[Function]}
  onResponderGrant={[Function]}
  onResponderMove={[Function]}
  onResponderRelease={[Function]}
  onResponderTerminate={[Function]}
  onResponderTerminationRequest={[Function]}
  onStartShouldSetResponder={[Function]}
>
  <div
    className="css-view-1dbjc4n r-backgroundColor-7klgxt r-height-eu3ka r-width-1aockid"
  >
    <div
      className="css-view-1dbjc4n r-flexBasis-1mlwlqe r-height-1pi2tsx r-overflow-1udh08x r-width-13qz1uu r-zIndex-417010"
    >
      <div
        className="css-view-1dbjc4n r-backgroundColor-1niwhzg r-backgroundPosition-vvn4in r-backgroundRepeat-u6sd8q r-backgroundSize-4gszlv r-bottom-1p0dtai r-height-1pi2tsx r-left-1d2f490 r-position-u8s1d r-right-zchlnj r-top-ipm5af r-width-13qz1uu r-zIndex-1wyyakw"
        style={
          Object {
            "backgroundImage": "url(\\"https://vcdn-ngoisao.vnecdn.net/2018/01/19/1-8515-1516314392.jpg\\")",
          }
        }
      />
      <img
        alt=""
        className="css-accessibilityImage-9pa8cd"
        draggable={false}
        src="https://vcdn-ngoisao.vnecdn.net/2018/01/19/1-8515-1516314392.jpg"
      />
    </div>
  </div>
</div>
`;
