// Jest Snapshot v1, https://goo.gl/fbAQLP

exports[`Components Header should render Header component with grid 1`] = `
Array [
  <div
    className="css-view-1dbjc4n r-display-6koalj r-height-1kl1mp1"
  >
    <div
      className="css-view-1dbjc4n r-height-1pi2tsx r-width-13qz1uu"
      style={
        Object {
          "WebkitAlignItems": "center",
          "WebkitBoxAlign": "center",
          "WebkitBoxPack": "center",
          "WebkitJustifyContent": "center",
          "alignItems": "center",
          "justifyContent": "center",
          "msFlexAlign": "center",
          "msFlexPack": "center",
        }
      }
    >
      <div
        className="css-view-1dbjc4n r-bottom-1p0dtai r-flexBasis-1mlwlqe r-left-1d2f490 r-overflow-1udh08x r-position-u8s1d r-right-zchlnj r-top-ipm5af r-zIndex-1wyyakw"
      >
        <div
          className="css-view-1dbjc4n r-backgroundColor-1niwhzg r-backgroundPosition-vvn4in r-backgroundRepeat-u6sd8q r-backgroundSize-4gszlv r-bottom-1p0dtai r-height-1pi2tsx r-left-1d2f490 r-position-u8s1d r-right-zchlnj r-top-ipm5af r-width-13qz1uu r-zIndex-1wyyakw"
          style={
            Object {
              "backgroundImage": "url(\\"https://realhousemoms.com/wp-content/uploads/Honey-Butter-Chicken-IG.jpg\\")",
            }
          }
        />
        <img
          alt=""
          className="css-accessibilityImage-9pa8cd"
          draggable={false}
          src="https://realhousemoms.com/wp-content/uploads/Honey-Butter-Chicken-IG.jpg"
        />
      </div>
      <div
        className="css-text-76zvg2 r-color-jwli3a r-fontSize-1i10wst r-fontWeight-1kfrs79 r-marginBottom-d0pm55"
        dir="auto"
      >
        Chicken
      </div>
      <div
        className="css-view-1dbjc4n r-backgroundColor-1niwhzg"
        style={
          Object {
            "WebkitAlignItems": "center",
            "WebkitBoxAlign": "center",
            "WebkitBoxPack": "center",
            "WebkitJustifyContent": "center",
            "alignItems": "center",
            "borderBottomColor": "rgba(255,255,255,1.00)",
            "borderBottomLeftRadius": "20px",
            "borderBottomRightRadius": "20px",
            "borderBottomStyle": "solid",
            "borderBottomWidth": "2px",
            "borderLeftColor": "rgba(255,255,255,1.00)",
            "borderLeftStyle": "solid",
            "borderLeftWidth": "2px",
            "borderRightColor": "rgba(255,255,255,1.00)",
            "borderRightStyle": "solid",
            "borderRightWidth": "2px",
            "borderTopColor": "rgba(255,255,255,1.00)",
            "borderTopLeftRadius": "20px",
            "borderTopRightRadius": "20px",
            "borderTopStyle": "solid",
            "borderTopWidth": "2px",
            "boxShadow": "0px 0.75px 1.5px rgba(0,0,0,0.24)",
            "justifyContent": "center",
            "minWidth": "64px",
            "msFlexAlign": "center",
            "msFlexPack": "center",
            "paddingBottom": "5px",
            "paddingLeft": "20px",
            "paddingRight": "20px",
            "paddingTop": "5px",
          }
        }
      >
        <div
          className="css-cursor-18t94o4 css-view-1dbjc4n r-backgroundColor-1niwhzg r-cursor-1loqt21 r-overflow-1udh08x r-touchAction-1otgn73 r-userSelect-lrvibr"
          data-focusable={true}
          disabled={false}
          onKeyDown={[Function]}
          onKeyPress={[Function]}
          onKeyUp={[Function]}
          onResponderGrant={[Function]}
          onResponderMove={[Function]}
          onResponderRelease={[Function]}
          onResponderTerminate={[Function]}
          onResponderTerminationRequest={[Function]}
          onStartShouldSetResponder={[Function]}
          role="button"
          style={
            Object {
              "borderBottomLeftRadius": "4px",
              "borderBottomRightRadius": "4px",
              "borderTopLeftRadius": "4px",
              "borderTopRightRadius": "4px",
            }
          }
          tabIndex="0"
        >
          <div
            className="css-view-1dbjc4n r-alignItems-1awozwy r-flexDirection-18u37iz r-justifyContent-1777fci"
          >
            <div
              className="css-text-76zvg2 css-textOneLine-bfa6kz r-letterSpacing-ud0q2t r-marginHorizontal-1ydw1k6 r-marginVertical-712mwr r-textAlign-q4m81j"
              dir="auto"
              style={
                Object {
                  "color": "rgba(0,0,0,1.00)",
                  "direction": "ltr",
                  "fontFamily": "Roboto-Medium, Roboto, \\"Helvetica Neue\\", Helvetica, Arial, sans-serif",
                }
              }
            >
              <span
                className="css-text-76zvg2 css-textHasAncestor-16my406 r-color-jwli3a r-fontSize-1b43r93 r-fontWeight-1kfrs79 r-textTransform-tsynxw"
                dir="auto"
                style={
                  Object {
                    "direction": "ltr",
                    "fontFamily": "Roboto, \\"Helvetica Neue\\", Helvetica, Arial, sans-serif",
                    "textAlign": "left",
                  }
                }
              >
                Following
              </span>
            </div>
          </div>
        </div>
      </div>
    </div>
  </div>,
  <div
    className="css-view-1dbjc4n r-alignItems-1awozwy r-backgroundColor-4rzz9f r-display-6koalj r-flexDirection-18u37iz r-justifyContent-1777fci r-padding-1sp51qo"
  >
    <div
      className="css-view-1dbjc4n r-alignItems-1awozwy r-flexDirection-18u37iz"
      style={
        Object {
          "marginRight": "30px",
        }
      }
    >
      <div
        className="css-cursor-18t94o4 css-view-1dbjc4n r-alignItems-1awozwy r-backgroundColor-1niwhzg r-borderRadius-6ncur5 r-cursor-1loqt21 r-height-1r8g8re r-justifyContent-1777fci r-margin-5scogr r-overflow-bztko3 r-touchAction-1otgn73 r-userSelect-lrvibr r-width-1acpoxo"
        data-focusable={true}
        disabled={false}
        onKeyDown={[Function]}
        onKeyPress={[Function]}
        onKeyUp={[Function]}
        onResponderGrant={[Function]}
        onResponderMove={[Function]}
        onResponderRelease={[Function]}
        onResponderTerminate={[Function]}
        onResponderTerminationRequest={[Function]}
        onStartShouldSetResponder={[Function]}
        role="button"
        tabIndex="0"
      >
        <span
          className="css-hitSlop-mjp8i1"
          style={
            Object {
              "bottom": "-6px",
              "left": "-6px",
              "right": "-6px",
              "top": "-6px",
            }
          }
        />
        <div
          className="css-view-1dbjc4n"
        >
          <div
            className="css-text-76zvg2 r-backgroundColor-1niwhzg r-pointerEvents-633pao"
            dir="auto"
            focusable={false}
            role="img"
            style={
              Object {
                "color": "rgba(31,51,64,1.00)",
                "fontSize": "20px",
              }
            }
          >
            □
          </div>
        </div>
      </div>
    </div>
    <div
      className="css-view-1dbjc4n r-alignItems-1awozwy r-flexDirection-18u37iz"
    >
      <div
        className="css-cursor-18t94o4 css-view-1dbjc4n r-alignItems-1awozwy r-backgroundColor-1niwhzg r-borderRadius-6ncur5 r-cursor-1loqt21 r-height-1r8g8re r-justifyContent-1777fci r-margin-5scogr r-overflow-bztko3 r-touchAction-1otgn73 r-userSelect-lrvibr r-width-1acpoxo"
        data-focusable={true}
        disabled={false}
        onKeyDown={[Function]}
        onKeyPress={[Function]}
        onKeyUp={[Function]}
        onResponderGrant={[Function]}
        onResponderMove={[Function]}
        onResponderRelease={[Function]}
        onResponderTerminate={[Function]}
        onResponderTerminationRequest={[Function]}
        onStartShouldSetResponder={[Function]}
        role="button"
        tabIndex="0"
      >
        <span
          className="css-hitSlop-mjp8i1"
          style={
            Object {
              "bottom": "-6px",
              "left": "-6px",
              "right": "-6px",
              "top": "-6px",
            }
          }
        />
        <div
          className="css-view-1dbjc4n"
        >
          <div
            className="css-text-76zvg2 r-backgroundColor-1niwhzg r-pointerEvents-633pao"
            dir="auto"
            focusable={false}
            role="img"
            style={
              Object {
                "color": "rgba(197,197,197,1.00)",
                "fontSize": "20px",
              }
            }
          >
            □
          </div>
        </div>
      </div>
    </div>
  </div>,
]
`;
