// Jest Snapshot v1, https://goo.gl/fbAQLP

exports[`ErrorMessage Component renders correctly 1`] = `ShallowWrapper {}`;
