// Jest Snapshot v1, https://goo.gl/fbAQLP

exports[`Icon component Renders correctly 1`] = `
<Image
  source={
    Object {
      "testUri": "../../../src/assets/icons/home.png",
    }
  }
  style={undefined}
/>
`;
