// Jest Snapshot v1, https://goo.gl/fbAQLP

exports[`renders correctly 1`] = `
<div
  className="css-view-1dbjc4n r-alignItems-1awozwy r-backgroundColor-drfeu3 r-bottom-1p0dtai r-justifyContent-1777fci r-left-1d2f490 r-position-1xcajam r-right-zchlnj r-top-ipm5af r-zIndex-1sg8ghl"
>
  <div
    aria-valuemax="1"
    aria-valuemin="0"
    className="css-view-1dbjc4n r-alignItems-1awozwy r-justifyContent-1777fci"
    role="progressbar"
  >
    <div
      className="css-view-1dbjc4n r-animationDuration-17bb2tj r-animationIterationCount-1muvv40 r-animationKeyframes-127358a r-animationTimingFunction-1ldzwu0"
      style={
        Object {
          "height": "40px",
          "width": "40px",
        }
      }
    >
      <svg
        height="100%"
        viewBox="0 0 32 32"
        width="100%"
      >
        <circle
          cx="16"
          cy="16"
          fill="none"
          r="14"
          strokeWidth="4"
          style={
            Object {
              "opacity": 0.2,
              "stroke": "#c5c5c5",
            }
          }
        />
        <circle
          cx="16"
          cy="16"
          fill="none"
          r="14"
          strokeWidth="4"
          style={
            Object {
              "stroke": "#c5c5c5",
              "strokeDasharray": 80,
              "strokeDashoffset": 60,
            }
          }
        />
      </svg>
    </div>
  </div>
</div>
`;
