// Jest Snapshot v1, https://goo.gl/fbAQLP

exports[`PostPhoto component Renders correctly 1`] = `
<Image
  resizeMode="cover"
  source={
    Object {
      "uri": "",
    }
  }
  style={
    Object {
      "height": 300,
      "width": "100%",
    }
  }
/>
`;
