// Jest Snapshot v1, https://goo.gl/fbAQLP

exports[`Components Recipe should render Header component with grid 1`] = `
<div
  className="css-view-1dbjc4n r-borderBottomWidth-qklmqi r-marginBottom-117bsoe r-marginLeft-1n0xq6e r-marginRight-zso239"
>
  <div
    className="css-text-76zvg2 r-fontSize-adyw6z r-paddingBottom-1mi0q7o"
    dir="auto"
  >
    Bun Bo Hue Recipe
  </div>
  <div
    className="css-view-1dbjc4n r-alignItems-1habvwh r-display-6koalj r-flexDirection-18u37iz r-flexWrap-1w6e6rj r-justifyContent-1h0z5md"
    style={
      Object {
        "WebkitBoxFlex": 0,
        "WebkitFlexGrow": 0,
        "flexGrow": 0,
        "msFlexPositive": 0,
      }
    }
  >
    <div
      className="css-view-1dbjc4n r-cursor-1loqt21 r-touchAction-1otgn73 r-transitionDuration-eafdt9 r-transitionProperty-1i6wzkk r-userSelect-lrvibr"
      data-focusable={true}
      disabled={false}
      onKeyDown={[Function]}
      onKeyUp={[Function]}
      onResponderGrant={[Function]}
      onResponderMove={[Function]}
      onResponderRelease={[Function]}
      onResponderTerminate={[Function]}
      onResponderTerminationRequest={[Function]}
      onStartShouldSetResponder={[Function]}
      tabIndex="0"
    >
      <div
        className="css-view-1dbjc4n r-flexBasis-1mlwlqe r-height-7r4507 r-overflow-1udh08x r-zIndex-417010"
        style={
          Object {
            "width": "150px",
          }
        }
      >
        <div
          className="css-view-1dbjc4n r-backgroundColor-1niwhzg r-backgroundPosition-vvn4in r-backgroundRepeat-u6sd8q r-backgroundSize-4gszlv r-bottom-1p0dtai r-height-1pi2tsx r-left-1d2f490 r-position-u8s1d r-right-zchlnj r-top-ipm5af r-width-13qz1uu r-zIndex-1wyyakw"
          style={
            Object {
              "backgroundImage": "url(\\"https://vcdn-ngoisao.vnecdn.net/2018/01/19/1-8515-1516314392.jpg\\")",
            }
          }
        />
        <img
          alt=""
          className="css-accessibilityImage-9pa8cd"
          draggable={false}
          src="https://vcdn-ngoisao.vnecdn.net/2018/01/19/1-8515-1516314392.jpg"
        />
      </div>
    </div>
    <div
      className="css-view-1dbjc4n r-alignItems-1habvwh r-display-6koalj r-flexDirection-eqz5dr r-flexWrap-1w6e6rj r-height-7r4507 r-justifyContent-1wtj0ep r-marginBottom-15d164r r-marginLeft-1n0xq6e r-marginRight-zso239"
      style={
        Object {
          "WebkitBoxFlex": 0,
          "WebkitFlexGrow": 0,
          "flexGrow": 0,
          "msFlexPositive": 0,
        }
      }
    >
      <div
        className="css-text-76zvg2 r-fontSize-ubezar r-height-9njtsq r-overflow-1udh08x"
        dir="auto"
      >
        2lb pork neck bones, 2lb beef bones, 1lb oxtail
      </div>
      <div
        className="css-view-1dbjc4n r-alignItems-1awozwy r-bottom-1ebgqk7 r-flexDirection-18u37iz r-position-u8s1d r-right-r19jdo"
      >
        <div
          className="css-cursor-18t94o4 css-view-1dbjc4n r-alignItems-1awozwy r-backgroundColor-1niwhzg r-borderRadius-6ncur5 r-cursor-1loqt21 r-height-1r8g8re r-justifyContent-1777fci r-margin-5scogr r-overflow-bztko3 r-touchAction-1otgn73 r-userSelect-lrvibr r-width-1acpoxo"
          data-focusable={true}
          disabled={false}
          onKeyDown={[Function]}
          onKeyPress={[Function]}
          onKeyUp={[Function]}
          onResponderGrant={[Function]}
          onResponderMove={[Function]}
          onResponderRelease={[Function]}
          onResponderTerminate={[Function]}
          onResponderTerminationRequest={[Function]}
          onStartShouldSetResponder={[Function]}
          role="button"
          tabIndex="0"
        >
          <span
            className="css-hitSlop-mjp8i1"
            style={
              Object {
                "bottom": "-6px",
                "left": "-6px",
                "right": "-6px",
                "top": "-6px",
              }
            }
          />
          <div
            className="css-view-1dbjc4n"
          >
            <div
              className="css-text-76zvg2 r-backgroundColor-1niwhzg r-pointerEvents-633pao"
              dir="auto"
              focusable={false}
              role="img"
              style={
                Object {
                  "color": "rgba(128,128,128,1.00)",
                  "fontSize": "18px",
                }
              }
            >
              â–¡
            </div>
          </div>
        </div>
      </div>
    </div>
  </div>
</div>
`;
