// Jest Snapshot v1, https://goo.gl/fbAQLP

exports[`Login snapshots 1`] = `ShallowWrapper {}`;

exports[`Login snapshots 2`] = `ShallowWrapper {}`;
