// Jest Snapshot v1, https://goo.gl/fbAQLP

exports[`Screens Settings should render Setting screen 1`] = `
<div
  className="css-view-1dbjc4n r-padding-1sp51qo r-width-13qz1uu"
>
  <div
    className="css-text-901oao r-color-1h2fve2"
    dir="auto"
  >
    User name:
  </div>
  <input
    autoCapitalize="sentences"
    autoComplete="on"
    autoCorrect="on"
    className="css-textinput-1cwyjr8 r-borderBottomWidth-qklmqi r-borderColor-34efmp r-borderStyle-1phboty r-color-cqee49 r-fontSize-1i10wst r-height-1g7fiml r-marginBottom-1yflyrw r-marginTop-156q2ks"
    data-focusable={true}
    dir="auto"
    onBlur={[Function]}
    onChange={[Function]}
    onFocus={[Function]}
    onKeyDown={[Function]}
    onKeyPress={[Function]}
    onSelect={[Function]}
    readOnly={true}
    spellCheck={true}
    type="text"
    value="Alex"
  />
  <div
    className="css-text-901oao r-color-1h2fve2"
    dir="auto"
  >
    Email:
  </div>
  <input
    autoCapitalize="sentences"
    autoComplete="on"
    autoCorrect="on"
    className="css-textinput-1cwyjr8 r-borderBottomWidth-qklmqi r-borderColor-34efmp r-borderStyle-1phboty r-color-cqee49 r-fontSize-1i10wst r-height-1g7fiml r-marginBottom-1yflyrw r-marginTop-156q2ks"
    data-focusable={true}
    dir="auto"
    onBlur={[Function]}
    onChange={[Function]}
    onFocus={[Function]}
    onKeyDown={[Function]}
    onKeyPress={[Function]}
    onSelect={[Function]}
    readOnly={true}
    spellCheck={true}
    type="text"
    value="alex@gmail.com"
  />
  <div
    className="css-view-1dbjc4n r-borderStyle-1phboty"
    style={
      Object {
        "WebkitAlignItems": "center",
        "WebkitBoxAlign": "center",
        "WebkitBoxPack": "center",
        "WebkitJustifyContent": "center",
        "alignItems": "center",
        "backgroundColor": "rgba(211,43,83,1.00)",
        "borderBottomColor": "rgba(0,0,0,0.00)",
        "borderBottomLeftRadius": "4px",
        "borderBottomRightRadius": "4px",
        "borderBottomWidth": "0px",
        "borderLeftColor": "rgba(0,0,0,0.00)",
        "borderLeftWidth": "0px",
        "borderRightColor": "rgba(0,0,0,0.00)",
        "borderRightWidth": "0px",
        "borderTopColor": "rgba(0,0,0,0.00)",
        "borderTopLeftRadius": "4px",
        "borderTopRightRadius": "4px",
        "borderTopWidth": "0px",
        "boxShadow": "0px 0.75px 1.5px rgba(0,0,0,0.24)",
        "justifyContent": "center",
        "marginTop": "30px",
        "minWidth": "64px",
        "msFlexAlign": "center",
        "msFlexPack": "center",
        "paddingBottom": "5px",
        "paddingLeft": "5px",
        "paddingRight": "5px",
        "paddingTop": "5px",
      }
    }
  >
    <div
      className="css-cursor-18t94o4 css-view-1dbjc4n r-backgroundColor-1niwhzg r-cursor-1loqt21 r-touchAction-1otgn73 r-userSelect-lrvibr"
      data-focusable={true}
      disabled={false}
      onKeyDown={[Function]}
      onKeyPress={[Function]}
      onKeyUp={[Function]}
      onResponderGrant={[Function]}
      onResponderMove={[Function]}
      onResponderRelease={[Function]}
      onResponderTerminate={[Function]}
      onResponderTerminationRequest={[Function]}
      onStartShouldSetResponder={[Function]}
      role="button"
      style={
        Object {
          "borderBottomLeftRadius": "4px",
          "borderBottomRightRadius": "4px",
          "borderTopLeftRadius": "4px",
          "borderTopRightRadius": "4px",
          "overflowX": "hidden",
          "overflowY": "hidden",
        }
      }
      tabIndex="0"
    >
      <div
        className="css-view-1dbjc4n r-alignItems-1awozwy r-flexDirection-18u37iz r-justifyContent-1777fci"
      >
        <div
          className="css-text-901oao css-textOneLine-bfa6kz r-color-cqee49 r-letterSpacing-ud0q2t r-marginHorizontal-1ydw1k6 r-marginVertical-712mwr r-textAlign-q4m81j"
          dir="auto"
          style={
            Object {
              "direction": "ltr",
              "fontFamily": "Roboto-Medium, Roboto, \\"Helvetica Neue\\", Helvetica, Arial, sans-serif",
            }
          }
        >
          <span
            className="css-text-901oao css-textHasAncestor-16my406 r-color-jwli3a r-fontWeight-1kfrs79 r-textTransform-tsynxw"
            dir="auto"
            style={
              Object {
                "direction": "ltr",
                "fontFamily": "Roboto, \\"Helvetica Neue\\", Helvetica, Arial, sans-serif",
                "textAlign": "left",
              }
            }
          >
            Logout
          </span>
        </div>
      </div>
    </div>
  </div>
</div>
`;
